Archive member included to satisfy reference by file (symbol)

c:/program files (x86)/cypress/psoc creator/4.4/psoc creator/import/gnu/arm/5.4.1/bin/../lib/gcc/arm-none-eabi/5.4.1/armv7e-m/softfp\libgcc.a(_arm_addsubdf3.o)
                              .\CortexM4\ARM_GCC_541\Debug\main_cm4.o (__aeabi_dadd)
c:/program files (x86)/cypress/psoc creator/4.4/psoc creator/import/gnu/arm/5.4.1/bin/../lib/gcc/arm-none-eabi/5.4.1/armv7e-m/softfp\libgcc.a(_arm_muldivdf3.o)
                              .\CortexM4\ARM_GCC_541\Debug\main_cm4.o (__aeabi_dmul)
c:/program files (x86)/cypress/psoc creator/4.4/psoc creator/import/gnu/arm/5.4.1/bin/../lib/gcc/arm-none-eabi/5.4.1/armv7e-m/softfp\libgcc.a(_arm_fixunsdfsi.o)
                              .\CortexM4\ARM_GCC_541\Debug\cy_sysclk.o (__aeabi_d2uiz)
c:/program files (x86)/cypress/psoc creator/4.4/psoc creator/import/gnu/arm/5.4.1/bin/../lib/gcc/arm-none-eabi/5.4.1/armv7e-m/softfp\libgcc.a(_arm_truncdfsf2.o)
                              .\CortexM4\ARM_GCC_541\Debug\main_cm4.o (__aeabi_d2f)
c:/program files (x86)/cypress/psoc creator/4.4/psoc creator/import/gnu/arm/5.4.1/bin/../lib/gcc/arm-none-eabi/5.4.1/armv7e-m/softfp\libgcc.a(_aeabi_uldivmod.o)
                              .\CortexM4\ARM_GCC_541\Debug\cy_sysclk.o (__aeabi_uldivmod)
c:/program files (x86)/cypress/psoc creator/4.4/psoc creator/import/gnu/arm/5.4.1/bin/../lib/gcc/arm-none-eabi/5.4.1/armv7e-m/softfp\libgcc.a(_udivmoddi4.o)
                              c:/program files (x86)/cypress/psoc creator/4.4/psoc creator/import/gnu/arm/5.4.1/bin/../lib/gcc/arm-none-eabi/5.4.1/armv7e-m/softfp\libgcc.a(_aeabi_uldivmod.o) (__udivmoddi4)
c:/program files (x86)/cypress/psoc creator/4.4/psoc creator/import/gnu/arm/5.4.1/bin/../lib/gcc/arm-none-eabi/5.4.1/armv7e-m/softfp\libgcc.a(_dvmd_tls.o)
                              c:/program files (x86)/cypress/psoc creator/4.4/psoc creator/import/gnu/arm/5.4.1/bin/../lib/gcc/arm-none-eabi/5.4.1/armv7e-m/softfp\libgcc.a(_aeabi_uldivmod.o) (__aeabi_ldiv0)
c:/program files (x86)/cypress/psoc creator/4.4/psoc creator/import/gnu/arm/5.4.1/bin/../lib/gcc/arm-none-eabi/5.4.1/../../../../arm-none-eabi/lib/armv7e-m/softfp\libg_nano.a(lib_a-exit.o)
                              c:/program files (x86)/cypress/psoc creator/4.4/psoc creator/import/gnu/arm/5.4.1/bin/../lib/gcc/arm-none-eabi/5.4.1/../../../../arm-none-eabi/lib/armv7e-m/softfp/crt0.o (exit)
c:/program files (x86)/cypress/psoc creator/4.4/psoc creator/import/gnu/arm/5.4.1/bin/../lib/gcc/arm-none-eabi/5.4.1/../../../../arm-none-eabi/lib/armv7e-m/softfp\libg_nano.a(lib_a-impure.o)
                              c:/program files (x86)/cypress/psoc creator/4.4/psoc creator/import/gnu/arm/5.4.1/bin/../lib/gcc/arm-none-eabi/5.4.1/../../../../arm-none-eabi/lib/armv7e-m/softfp\libg_nano.a(lib_a-exit.o) (_global_impure_ptr)
c:/program files (x86)/cypress/psoc creator/4.4/psoc creator/import/gnu/arm/5.4.1/bin/../lib/gcc/arm-none-eabi/5.4.1/../../../../arm-none-eabi/lib/armv7e-m/softfp\libg_nano.a(lib_a-init.o)
                              c:/program files (x86)/cypress/psoc creator/4.4/psoc creator/import/gnu/arm/5.4.1/bin/../lib/gcc/arm-none-eabi/5.4.1/../../../../arm-none-eabi/lib/armv7e-m/softfp/crt0.o (__libc_init_array)
c:/program files (x86)/cypress/psoc creator/4.4/psoc creator/import/gnu/arm/5.4.1/bin/../lib/gcc/arm-none-eabi/5.4.1/../../../../arm-none-eabi/lib/armv7e-m/softfp\libg_nano.a(lib_a-memset.o)
                              c:/program files (x86)/cypress/psoc creator/4.4/psoc creator/import/gnu/arm/5.4.1/bin/../lib/gcc/arm-none-eabi/5.4.1/../../../../arm-none-eabi/lib/armv7e-m/softfp/crt0.o (memset)
c:/program files (x86)/cypress/psoc creator/4.4/psoc creator/import/gnu/arm/5.4.1/bin/../lib/gcc/arm-none-eabi/5.4.1/../../../../arm-none-eabi/lib/armv7e-m/softfp\libg_nano.a(lib_a-nano-vfprintf_float.o)
                              .\CortexM4\ARM_GCC_541\Debug\retarget.o (_printf_float)
c:/program files (x86)/cypress/psoc creator/4.4/psoc creator/import/gnu/arm/5.4.1/bin/../lib/gcc/arm-none-eabi/5.4.1/../../../../arm-none-eabi/lib/armv7e-m/softfp\libg_nano.a(lib_a-nano-vfprintf_i.o)
                              c:/program files (x86)/cypress/psoc creator/4.4/psoc creator/import/gnu/arm/5.4.1/bin/../lib/gcc/arm-none-eabi/5.4.1/../../../../arm-none-eabi/lib/armv7e-m/softfp\libg_nano.a(lib_a-nano-vfprintf_float.o) (_printf_common)
c:/program files (x86)/cypress/psoc creator/4.4/psoc creator/import/gnu/arm/5.4.1/bin/../lib/gcc/arm-none-eabi/5.4.1/../../../../arm-none-eabi/lib/armv7e-m/softfp\libg_nano.a(lib_a-nano-vfscanf_float.o)
                              .\CortexM4\ARM_GCC_541\Debug\retarget.o (_scanf_float)
c:/program files (x86)/cypress/psoc creator/4.4/psoc creator/import/gnu/arm/5.4.1/bin/../lib/gcc/arm-none-eabi/5.4.1/../../../../arm-none-eabi/lib/armv7e-m/softfp\libg_nano.a(lib_a-setvbuf.o)
                              .\CortexM4\ARM_GCC_541\Debug\main_cm4.o (setvbuf)
[...]
Memory Configuration

Name             Origin             Length             Attributes
ram              0x08024000         0x00023800         xrw
flash            0x10080000         0x00080000         xr
em_eeprom        0x14000000         0x00008000         xr
sflash_user_data 0x16000800         0x00000800         xr
sflash_nar       0x16001a00         0x00000200         xr
sflash_public_key 0x16005a00         0x00000c00         xr
sflash_toc_2     0x16007c00         0x00000200         xr
sflash_rtoc_2    0x16007e00         0x00000200         xr
xip              0x18000000         0x08000000         xr
efuse            0x90700000         0x00100000         r
*default*        0x00000000         0xffffffff

Linker script and memory map

LOAD c:/program files (x86)/cypress/psoc creator/4.4/psoc creator/import/gnu/arm/5.4.1/bin/../lib/gcc/arm-none-eabi/5.4.1/armv7e-m/softfp/crti.o
LOAD c:/program files (x86)/cypress/psoc creator/4.4/psoc creator/import/gnu/arm/5.4.1/bin/../lib/gcc/arm-none-eabi/5.4.1/armv7e-m/softfp/crtbegin.o
LOAD c:/program files (x86)/cypress/psoc creator/4.4/psoc creator/import/gnu/arm/5.4.1/bin/../lib/gcc/arm-none-eabi/5.4.1/../../../../arm-none-eabi/lib/armv7e-m/softfp/crt0.o
START GROUP
LOAD .\CortexM4\ARM_GCC_541\Debug\startup_psoc6_01_cm4.o
LOAD .\CortexM4\ARM_GCC_541\Debug\main_cm4.o
LOAD .\CortexM4\ARM_GCC_541\Debug\system_psoc6_cm4.o
LOAD .\CortexM4\ARM_GCC_541\Debug\stdio_user.o
LOAD .\CortexM4\ARM_GCC_541\Debug\clcd.o
LOAD .\CortexM4\ARM_GCC_541\Debug\tty_utils.o
LOAD .\CortexM4\ARM_GCC_541\Debug\func_list.o
LOAD .\CortexM4\ARM_GCC_541\Debug\cyfitter_sysint_cfg.o
LOAD .\CortexM4\ARM_GCC_541\Debug\cymetadata.o
LOAD .\CortexM4\ARM_GCC_541\Debug\UART.o
LOAD .\CortexM4\ARM_GCC_541\Debug\cy_efuse.o
LOAD .\CortexM4\ARM_GCC_541\Debug\cy_flash.o
LOAD .\CortexM4\ARM_GCC_541\Debug\cy_gpio.o
LOAD .\CortexM4\ARM_GCC_541\Debug\cy_ipc_drv.o
LOAD .\CortexM4\ARM_GCC_541\Debug\cy_ipc_sema.o
LOAD .\CortexM4\ARM_GCC_541\Debug\cy_ipc_pipe.o
LOAD .\CortexM4\ARM_GCC_541\Debug\cy_lvd.o
LOAD .\CortexM4\ARM_GCC_541\Debug\cy_profile.o
LOAD .\CortexM4\ARM_GCC_541\Debug\cy_prot.o
LOAD .\CortexM4\ARM_GCC_541\Debug\cy_scb_common.o
LOAD .\CortexM4\ARM_GCC_541\Debug\cy_scb_i2c.o
LOAD .\CortexM4\ARM_GCC_541\Debug\cy_scb_ezi2c.o
LOAD .\CortexM4\ARM_GCC_541\Debug\cy_scb_spi.o
LOAD .\CortexM4\ARM_GCC_541\Debug\cy_scb_uart.o
LOAD .\CortexM4\ARM_GCC_541\Debug\cy_sysanalog.o
LOAD .\CortexM4\ARM_GCC_541\Debug\cy_sysclk.o
LOAD .\CortexM4\ARM_GCC_541\Debug\cy_sysint.o
LOAD .\CortexM4\ARM_GCC_541\Debug\cy_syslib.o
LOAD .\CortexM4\ARM_GCC_541\Debug\cy_syslib_gcc.o
LOAD .\CortexM4\ARM_GCC_541\Debug\cy_syspm.o
LOAD .\CortexM4\ARM_GCC_541\Debug\cy_systick.o
LOAD .\CortexM4\ARM_GCC_541\Debug\cy_trigmux.o
LOAD .\CortexM4\ARM_GCC_541\Debug\cy_wdt.o
LOAD .\CortexM4\ARM_GCC_541\Debug\cy_device.o
LOAD .\CortexM4\ARM_GCC_541\Debug\cy_ble_clk.o
LOAD .\CortexM4\ARM_GCC_541\Debug\retarget.o
LOAD .\CortexM4\ARM_GCC_541\Debug\SensorBus.o
END GROUP
START GROUP
LOAD c:/program files (x86)/cypress/psoc creator/4.4/psoc creator/import/gnu/arm/5.4.1/bin/../lib/gcc/arm-none-eabi/5.4.1/armv7e-m/softfp\libgcc.a
LOAD c:/program files (x86)/cypress/psoc creator/4.4/psoc creator/import/gnu/arm/5.4.1/bin/../lib/gcc/arm-none-eabi/5.4.1/../../../../arm-none-eabi/lib/armv7e-m/softfp\libg_nano.a
LOAD c:/program files (x86)/cypress/psoc creator/4.4/psoc creator/import/gnu/arm/5.4.1/bin/../lib/gcc/arm-none-eabi/5.4.1/../../../../arm-none-eabi/lib/armv7e-m/softfp\libc_nano.a
END GROUP
START GROUP
LOAD c:/program files (x86)/cypress/psoc creator/4.4/psoc creator/import/gnu/arm/5.4.1/bin/../lib/gcc/arm-none-eabi/5.4.1/armv7e-m/softfp\libgcc.a
LOAD c:/program files (x86)/cypress/psoc creator/4.4/psoc creator/import/gnu/arm/5.4.1/bin/../lib/gcc/arm-none-eabi/5.4.1/../../../../arm-none-eabi/lib/armv7e-m/softfp\libc_nano.a
END GROUP
LOAD c:/program files (x86)/cypress/psoc creator/4.4/psoc creator/import/gnu/arm/5.4.1/bin/../lib/gcc/arm-none-eabi/5.4.1/armv7e-m/softfp/crtend.o
LOAD c:/program files (x86)/cypress/psoc creator/4.4/psoc creator/import/gnu/arm/5.4.1/bin/../lib/gcc/arm-none-eabi/5.4.1/armv7e-m/softfp/crtn.o
START GROUP
LOAD c:/program files (x86)/cypress/psoc creator/4.4/psoc creator/import/gnu/arm/5.4.1/bin/../lib/gcc/arm-none-eabi/5.4.1/armv7e-m/softfp\libgcc.a
LOAD c:/program files (x86)/cypress/psoc creator/4.4/psoc creator/import/gnu/arm/5.4.1/bin/../lib/gcc/arm-none-eabi/5.4.1/../../../../arm-none-eabi/lib/armv7e-m/softfp\libc.a
LOAD c:/program files (x86)/cypress/psoc creator/4.4/psoc creator/import/gnu/arm/5.4.1/bin/../lib/gcc/arm-none-eabi/5.4.1/../../../../arm-none-eabi/lib/armv7e-m/softfp\libnosys.a
END GROUP
START GROUP
LOAD c:/program files (x86)/cypress/psoc creator/4.4/psoc creator/import/gnu/arm/5.4.1/bin/../lib/gcc/arm-none-eabi/5.4.1/armv7e-m/softfp\libgcc.a
LOAD c:/program files (x86)/cypress/psoc creator/4.4/psoc creator/import/gnu/arm/5.4.1/bin/../lib/gcc/arm-none-eabi/5.4.1/../../../../arm-none-eabi/lib/armv7e-m/softfp\libc.a
LOAD c:/program files (x86)/cypress/psoc creator/4.4/psoc creator/import/gnu/arm/5.4.1/bin/../lib/gcc/arm-none-eabi/5.4.1/../../../../arm-none-eabi/lib/armv7e-m/softfp\libm.a
LOAD c:/program files (x86)/cypress/psoc creator/4.4/psoc creator/import/gnu/arm/5.4.1/bin/../lib/gcc/arm-none-eabi/5.4.1/../../../../arm-none-eabi/lib/armv7e-m/softfp\libnosys.a
END GROUP

.text           0x10080000     0x5ef8
                0x10080000                . = ALIGN (0x4)
                0x10080000                __Vectors = .
 *(.vectors)
 .vectors       0x10080000      0x28c .\CortexM4\ARM_GCC_541\Debug\startup_psoc6_01_cm4.o
                0x1008028c                . = ALIGN (0x4)
                0x1008028c                __Vectors_End = .
                0x0000028c                __Vectors_Size = (__Vectors_End - __Vectors)
                0x1008028c                __end__ = .
                0x1008028c                . = ALIGN (0x4)
 *(.text*)
 .text          0x1008028c       0x5c c:/program files (x86)/cypress/psoc creator/4.4/psoc creator/import/gnu/arm/5.4.1/bin/../lib/gcc/arm-none-eabi/5.4.1/armv7e-m/softfp/crtbegin.o
 .text          0x100802e8       0x84 .\CortexM4\ARM_GCC_541\Debug\startup_psoc6_01_cm4.o
                0x100802e8                Cy_OnResetUser
                0x100802ea                Reset_Handler
                0x1008034c                cpuss_interrupts_ipc_6_IRQHandler
                0x1008034c                DebugMon_Handler
                0x1008034c                tcpwm_1_interrupts_11_IRQHandler
                0x1008034c                cpuss_interrupts_ipc_0_IRQHandler
                0x1008034c                tcpwm_1_interrupts_15_IRQHandler
                0x1008034c                ioss_interrupts_gpio_13_IRQHandler
                0x1008034c                tcpwm_1_interrupts_13_IRQHandler
                0x1008034c                cpuss_interrupts_dw1_8_IRQHandler
                0x1008034c                tcpwm_0_interrupts_0_IRQHandler
                0x1008034c                SysTick_Handler
                0x1008034c                cpuss_interrupt_fm_IRQHandler
                0x1008034c                cpuss_interrupts_ipc_7_IRQHandler
                0x1008034c                tcpwm_1_interrupts_14_IRQHandler
                0x1008034c                cpuss_interrupts_dw0_5_IRQHandler
                0x1008034c                tcpwm_1_interrupts_9_IRQHandler
                0x1008034c                cpuss_interrupts_cm0_cti_1_IRQHandler
                0x1008034c                tcpwm_1_interrupts_22_IRQHandler
                0x1008034c                cpuss_interrupts_dw0_4_IRQHandler
                0x1008034c                PendSV_Handler
                0x1008034c                NMI_Handler
                0x1008034c                cpuss_interrupts_dw1_12_IRQHandler
                0x1008034c                tcpwm_1_interrupts_12_IRQHandler
                0x1008034c                smif_interrupt_IRQHandler
                0x1008034c                tcpwm_1_interrupts_2_IRQHandler
                0x1008034c                cpuss_interrupts_ipc_13_IRQHandler
                0x1008034c                udb_interrupts_11_IRQHandler
                0x1008034c                tcpwm_1_interrupts_18_IRQHandler
                0x1008034c                cpuss_interrupts_dw0_11_IRQHandler
                0x1008034c                tcpwm_0_interrupts_2_IRQHandler
                0x1008034c                cpuss_interrupts_dw0_13_IRQHandler
                0x1008034c                udb_interrupts_2_IRQHandler
                0x1008034c                cpuss_interrupts_dw1_7_IRQHandler
                0x1008034c                ioss_interrupts_gpio_1_IRQHandler
                0x1008034c                ioss_interrupts_gpio_7_IRQHandler
                0x1008034c                scb_5_interrupt_IRQHandler
                0x1008034c                udb_interrupts_6_IRQHandler
                0x1008034c                cpuss_interrupts_fault_1_IRQHandler
                0x1008034c                cpuss_interrupts_ipc_4_IRQHandler
                0x1008034c                cpuss_interrupts_ipc_5_IRQHandler
                0x1008034c                cpuss_interrupts_dw1_10_IRQHandler
                0x1008034c                udb_interrupts_0_IRQHandler
                0x1008034c                tcpwm_1_interrupts_6_IRQHandler
                0x1008034c                scb_4_interrupt_IRQHandler
                0x1008034c                pass_interrupt_dacs_IRQHandler
                0x1008034c                ioss_interrupts_gpio_2_IRQHandler
                0x1008034c                cpuss_interrupts_dw1_9_IRQHandler
                0x1008034c                cpuss_interrupts_dw1_13_IRQHandler
                0x1008034c                scb_2_interrupt_IRQHandler
                0x1008034c                cpuss_interrupts_cm0_cti_0_IRQHandler
                0x1008034c                udb_interrupts_5_IRQHandler
                0x1008034c                srss_interrupt_IRQHandler
                0x1008034c                udb_interrupts_12_IRQHandler
                0x1008034c                scb_0_interrupt_IRQHandler
                0x1008034c                csd_interrupt_IRQHandler
                0x1008034c                udb_interrupts_1_IRQHandler
                0x1008034c                profile_interrupt_IRQHandler
                0x1008034c                tcpwm_1_interrupts_1_IRQHandler
                0x1008034c                cpuss_interrupts_ipc_12_IRQHandler
                0x1008034c                tcpwm_1_interrupts_3_IRQHandler
                0x1008034c                tcpwm_0_interrupts_7_IRQHandler
                0x1008034c                cpuss_interrupts_dw1_1_IRQHandler
                0x1008034c                cpuss_interrupts_dw1_0_IRQHandler
                0x1008034c                cpuss_interrupts_dw0_9_IRQHandler
                0x1008034c                lpcomp_interrupt_IRQHandler
                0x1008034c                tcpwm_1_interrupts_23_IRQHandler
                0x1008034c                udb_interrupts_4_IRQHandler
                0x1008034c                tcpwm_1_interrupts_20_IRQHandler
                0x1008034c                ioss_interrupt_gpio_IRQHandler
                0x1008034c                tcpwm_0_interrupts_1_IRQHandler
                0x1008034c                ioss_interrupts_gpio_8_IRQHandler
                0x1008034c                tcpwm_0_interrupts_6_IRQHandler
                0x1008034c                scb_7_interrupt_IRQHandler
                0x1008034c                tcpwm_1_interrupts_7_IRQHandler
                0x1008034c                cpuss_interrupts_ipc_11_IRQHandler
                0x1008034c                udb_interrupts_13_IRQHandler
                0x1008034c                cpuss_interrupts_dw0_15_IRQHandler
                0x1008034c                udb_interrupts_7_IRQHandler
                0x1008034c                cpuss_interrupts_dw1_6_IRQHandler
                0x1008034c                cpuss_interrupt_crypto_IRQHandler
                0x1008034c                scb_1_interrupt_IRQHandler
                0x1008034c                Default_Handler
                0x1008034c                usb_interrupt_hi_IRQHandler
                0x1008034c                tcpwm_1_interrupts_0_IRQHandler
                0x1008034c                udb_interrupts_9_IRQHandler
                0x1008034c                audioss_interrupt_pdm_IRQHandler
                0x1008034c                srss_interrupt_mcwdt_0_IRQHandler
                0x1008034c                scb_3_interrupt_IRQHandler
                0x1008034c                pass_interrupt_ctbs_IRQHandler
                0x1008034c                udb_interrupts_8_IRQHandler
                0x1008034c                ioss_interrupts_gpio_3_IRQHandler
                0x1008034c                scb_6_interrupt_IRQHandler
                0x1008034c                cpuss_interrupts_cm4_cti_0_IRQHandler
                0x1008034c                cpuss_interrupts_dw1_3_IRQHandler
                0x1008034c                pass_interrupt_sar_IRQHandler
                0x1008034c                ioss_interrupts_gpio_0_IRQHandler
                0x1008034c                ioss_interrupts_gpio_14_IRQHandler
                0x1008034c                tcpwm_0_interrupts_4_IRQHandler
                0x1008034c                udb_interrupts_3_IRQHandler
                0x1008034c                tcpwm_0_interrupts_5_IRQHandler
                0x1008034c                cpuss_interrupts_ipc_15_IRQHandler
                0x1008034c                cpuss_interrupts_cm4_cti_1_IRQHandler
                0x1008034c                scb_8_interrupt_IRQHandler
                0x1008034c                srss_interrupt_mcwdt_1_IRQHandler
                0x1008034c                cpuss_interrupts_dw1_2_IRQHandler
                0x1008034c                SVC_Handler
                0x1008034c                cpuss_interrupts_dw1_5_IRQHandler
                0x1008034c                cpuss_interrupts_ipc_1_IRQHandler
                0x1008034c                cpuss_interrupts_dw0_0_IRQHandler
                0x1008034c                ioss_interrupts_gpio_12_IRQHandler
                0x1008034c                cpuss_interrupts_ipc_3_IRQHandler
                0x1008034c                tcpwm_1_interrupts_17_IRQHandler
                0x1008034c                srss_interrupt_backup_IRQHandler
                0x1008034c                bless_interrupt_IRQHandler
                0x1008034c                cpuss_interrupts_ipc_10_IRQHandler
                0x1008034c                cpuss_interrupts_ipc_9_IRQHandler
                0x1008034c                cpuss_interrupts_dw0_14_IRQHandler
                0x1008034c                tcpwm_1_interrupts_4_IRQHandler
                0x1008034c                tcpwm_0_interrupts_3_IRQHandler
                0x1008034c                cpuss_interrupts_dw1_15_IRQHandler
                0x1008034c                ioss_interrupts_gpio_10_IRQHandler
                0x1008034c                udb_interrupts_10_IRQHandler
                0x1008034c                cpuss_interrupts_dw0_8_IRQHandler
                0x1008034c                ioss_interrupts_gpio_11_IRQHandler
                0x1008034c                cpuss_interrupts_ipc_14_IRQHandler
                0x1008034c                ioss_interrupts_gpio_5_IRQHandler
                0x1008034c                ioss_interrupts_gpio_4_IRQHandler
                0x1008034c                tcpwm_1_interrupts_8_IRQHandler
                0x1008034c                cpuss_interrupts_dw1_14_IRQHandler
                0x1008034c                usb_interrupt_med_IRQHandler
                0x1008034c                cpuss_interrupts_dw0_2_IRQHandler
                0x1008034c                tcpwm_1_interrupts_10_IRQHandler
                0x1008034c                cpuss_interrupts_fault_0_IRQHandler
                0x1008034c                cpuss_interrupts_dw0_12_IRQHandler
                0x1008034c                ioss_interrupts_gpio_6_IRQHandler
                0x1008034c                tcpwm_1_interrupts_21_IRQHandler
                0x1008034c                tcpwm_1_interrupts_16_IRQHandler
                0x1008034c                cpuss_interrupts_dw1_4_IRQHandler
                0x1008034c                udb_interrupts_15_IRQHandler
                0x1008034c                cpuss_interrupts_dw1_11_IRQHandler
                0x1008034c                cpuss_interrupts_dw0_6_IRQHandler
                0x1008034c                ioss_interrupt_vdd_IRQHandler
                0x1008034c                cpuss_interrupts_dw0_7_IRQHandler
                0x1008034c                audioss_interrupt_i2s_IRQHandler
                0x1008034c                tcpwm_1_interrupts_5_IRQHandler
                0x1008034c                cpuss_interrupts_ipc_2_IRQHandler
                0x1008034c                cpuss_interrupts_dw0_10_IRQHandler
                0x1008034c                tcpwm_1_interrupts_19_IRQHandler
                0x1008034c                cpuss_interrupts_dw0_1_IRQHandler
                0x1008034c                ioss_interrupts_gpio_9_IRQHandler
                0x1008034c                usb_interrupt_lo_IRQHandler
                0x1008034c                cpuss_interrupts_ipc_8_IRQHandler
                0x1008034c                udb_interrupts_14_IRQHandler
                0x1008034c                cpuss_interrupts_dw0_3_IRQHandler
                0x10080350                UsageFault_Handler
                0x10080350                HardFault_Handler
                0x10080350                MemManage_Handler
                0x10080350                BusFault_Handler
 .text.WaitForOperation
                0x1008036c       0x20 .\CortexM4\ARM_GCC_541\Debug\main_cm4.o
 .text.WriteRegister
                0x1008038c       0x30 .\CortexM4\ARM_GCC_541\Debug\main_cm4.o
 .text.ReadRegister
                0x100803bc       0x58 .\CortexM4\ARM_GCC_541\Debug\main_cm4.o
 .text.go_to_top_line
                0x10080414        0xc .\CortexM4\ARM_GCC_541\Debug\main_cm4.o
                0x10080414                go_to_top_line
 .text.go_to_bottom_line
                0x10080420        0xc .\CortexM4\ARM_GCC_541\Debug\main_cm4.o
                0x10080420                go_to_bottom_line
 .text.do_clear
                0x1008042c        0x8 .\CortexM4\ARM_GCC_541\Debug\main_cm4.o
                0x1008042c                do_clear
 .text.print_two_sentence
                0x10080434       0x30 .\CortexM4\ARM_GCC_541\Debug\main_cm4.o
                0x10080434                print_two_sentence
 *fill*         0x10080464        0x4 
 .text.main     0x10080468      0x3c8 .\CortexM4\ARM_GCC_541\Debug\main_cm4.o
                0x10080468                main
 .text.Cy_SysIpcPipeIsrCm4
                0x10080830        0xc .\CortexM4\ARM_GCC_541\Debug\system_psoc6_cm4.o
                0x10080830                Cy_SysIpcPipeIsrCm4
 .text.Cy_SystemInit
                0x1008083c        0x4 .\CortexM4\ARM_GCC_541\Debug\system_psoc6_cm4.o
                0x1008083c                Cy_SystemInit
 .text.SystemCoreClockUpdate
                0x10080840      0x190 .\CortexM4\ARM_GCC_541\Debug\system_psoc6_cm4.o
                0x10080840                SystemCoreClockUpdate
 .text.SystemInit
                0x100809d0       0x48 .\CortexM4\ARM_GCC_541\Debug\system_psoc6_cm4.o
                0x100809d0                SystemInit
 .text.Cy_SystemInitFpuEnable
                0x10080a18       0x28 .\CortexM4\ARM_GCC_541\Debug\system_psoc6_cm4.o
                0x10080a18                Cy_SystemInitFpuEnable
 .text.STDIO_PutChar
                0x10080a40       0x18 .\CortexM4\ARM_GCC_541\Debug\stdio_user.o
                0x10080a40                STDIO_PutChar
 .text.STDIO_GetChar
                0x10080a58       0x1c .\CortexM4\ARM_GCC_541\Debug\stdio_user.o
                0x10080a58                STDIO_GetChar
 .text.CLCD_Write4
                0x10080a74       0x5c .\CortexM4\ARM_GCC_541\Debug\clcd.o
                0x10080a74                CLCD_Write4
 .text.CLCD_WriteCommand4
                0x10080ad0       0x4c .\CortexM4\ARM_GCC_541\Debug\clcd.o
                0x10080ad0                CLCD_WriteCommand4
 .text.CLCD_WriteCommand
                0x10080b1c       0x64 .\CortexM4\ARM_GCC_541\Debug\clcd.o
                0x10080b1c                CLCD_WriteCommand
 .text.CLCD_WriteData
                0x10080b80       0x70 .\CortexM4\ARM_GCC_541\Debug\clcd.o
                0x10080b80                CLCD_WriteData
 .text.CLCD_Clear
                0x10080bf0        0xc .\CortexM4\ARM_GCC_541\Debug\clcd.o
                0x10080bf0                CLCD_Clear
 .text.CLCD_SetDDRAMAddr
                0x10080bfc        0xc .\CortexM4\ARM_GCC_541\Debug\clcd.o
                0x10080bfc                CLCD_SetDDRAMAddr
 .text.CLCD_Init
                0x10080c08       0x54 .\CortexM4\ARM_GCC_541\Debug\clcd.o
                0x10080c08                CLCD_Init
 .text.CLCD_PutString
                0x10080c5c       0x24 .\CortexM4\ARM_GCC_541\Debug\clcd.o
                0x10080c5c                CLCD_PutString
 .text.Cy_Flash_ProcessOpcode
                0x10080c80       0xac .\CortexM4\ARM_GCC_541\Debug\cy_flash.o
 .text.Cy_Flash_OperationStatus
                0x10080d2c       0x5c .\CortexM4\ARM_GCC_541\Debug\cy_flash.o
 .text.Cy_Flash_InitExt
                0x10080d88       0x80 .\CortexM4\ARM_GCC_541\Debug\cy_flash.o
                0x10080d88                Cy_Flash_InitExt
 .text.Cy_Flash_Init
                0x10080e08       0x10 .\CortexM4\ARM_GCC_541\Debug\cy_flash.o
                0x10080e08                Cy_Flash_Init
 .text.Cy_IPC_Drv_LockRelease
                0x10080e18       0x3c .\CortexM4\ARM_GCC_541\Debug\cy_ipc_drv.o
                0x10080e18                Cy_IPC_Drv_LockRelease
 .text.Cy_IPC_Drv_SendMsgWord
                0x10080e54       0x3c .\CortexM4\ARM_GCC_541\Debug\cy_ipc_drv.o
                0x10080e54                Cy_IPC_Drv_SendMsgWord
 .text.Cy_IPC_Drv_ReadMsgWord
                0x10080e90       0x38 .\CortexM4\ARM_GCC_541\Debug\cy_ipc_drv.o
                0x10080e90                Cy_IPC_Drv_ReadMsgWord
 .text.Cy_IPC_Sema_InitExt
                0x10080ec8       0xac .\CortexM4\ARM_GCC_541\Debug\cy_ipc_sema.o
                0x10080ec8                Cy_IPC_Sema_InitExt
 .text.Cy_IPC_Sema_Init
                0x10080f74       0x64 .\CortexM4\ARM_GCC_541\Debug\cy_ipc_sema.o
                0x10080f74                Cy_IPC_Sema_Init
 .text.Cy_IPC_Sema_Clear
                0x10080fd8       0x88 .\CortexM4\ARM_GCC_541\Debug\cy_ipc_sema.o
                0x10080fd8                Cy_IPC_Sema_Clear
 .text.Cy_IPC_Sema_Status
                0x10081060       0x40 .\CortexM4\ARM_GCC_541\Debug\cy_ipc_sema.o
                0x10081060                Cy_IPC_Sema_Status
 .text.Cy_IPC_Pipe_Config
                0x100810a0       0x10 .\CortexM4\ARM_GCC_541\Debug\cy_ipc_pipe.o
                0x100810a0                Cy_IPC_Pipe_Config
 .text.Cy_IPC_Pipe_EndpointInit
                0x100810b0       0xd0 .\CortexM4\ARM_GCC_541\Debug\cy_ipc_pipe.o
                0x100810b0                Cy_IPC_Pipe_EndpointInit
 .text.Cy_IPC_Pipe_Init
                0x10081180       0xb4 .\CortexM4\ARM_GCC_541\Debug\cy_ipc_pipe.o
                0x10081180                Cy_IPC_Pipe_Init
 .text.Cy_IPC_Pipe_SendMessage
                0x10081234       0xa4 .\CortexM4\ARM_GCC_541\Debug\cy_ipc_pipe.o
                0x10081234                Cy_IPC_Pipe_SendMessage
 .text.Cy_IPC_Pipe_RegisterCallback
                0x100812d8       0x50 .\CortexM4\ARM_GCC_541\Debug\cy_ipc_pipe.o
                0x100812d8                Cy_IPC_Pipe_RegisterCallback
 .text.Cy_IPC_Pipe_ExecCallback
                0x10081328       0xbc .\CortexM4\ARM_GCC_541\Debug\cy_ipc_pipe.o
                0x10081328                Cy_IPC_Pipe_ExecCallback
 .text.Cy_IPC_Pipe_ExecuteCallback
                0x100813e4       0x2c .\CortexM4\ARM_GCC_541\Debug\cy_ipc_pipe.o
                0x100813e4                Cy_IPC_Pipe_ExecuteCallback
 .text.Cy_SCB_ReadArrayNoCheck
                0x10081410       0x38 .\CortexM4\ARM_GCC_541\Debug\cy_scb_common.o
                0x10081410                Cy_SCB_ReadArrayNoCheck
 .text.Cy_SCB_ReadArray
                0x10081448       0x1c .\CortexM4\ARM_GCC_541\Debug\cy_scb_common.o
                0x10081448                Cy_SCB_ReadArray
 .text.Cy_SCB_Write
                0x10081464       0x28 .\CortexM4\ARM_GCC_541\Debug\cy_scb_common.o
                0x10081464                Cy_SCB_Write
 .text.Cy_SCB_WriteArrayNoCheck
                0x1008148c       0x38 .\CortexM4\ARM_GCC_541\Debug\cy_scb_common.o
                0x1008148c                Cy_SCB_WriteArrayNoCheck
 .text.Cy_SCB_WriteArray
                0x100814c4       0x2c .\CortexM4\ARM_GCC_541\Debug\cy_scb_common.o
                0x100814c4                Cy_SCB_WriteArray
 .text.Cy_SCB_WriteDefaultArrayNoCheck
                0x100814f0       0x10 .\CortexM4\ARM_GCC_541\Debug\cy_scb_common.o
                0x100814f0                Cy_SCB_WriteDefaultArrayNoCheck
 .text.Cy_SCB_WriteDefaultArray
                0x10081500       0x2c .\CortexM4\ARM_GCC_541\Debug\cy_scb_common.o
                0x10081500                Cy_SCB_WriteDefaultArray
 .text.SlaveHandleStop
                0x1008152c       0xf8 .\CortexM4\ARM_GCC_541\Debug\cy_scb_i2c.o
 .text.MasterHandleEvents
                0x10081624       0x74 .\CortexM4\ARM_GCC_541\Debug\cy_scb_i2c.o
 .text.MasterHandleStop
                0x10081698       0x2c .\CortexM4\ARM_GCC_541\Debug\cy_scb_i2c.o
 .text.MasterHandleComplete
                0x100816c4       0xf4 .\CortexM4\ARM_GCC_541\Debug\cy_scb_i2c.o
 .text.SlaveHandleDataTransmit
                0x100817b8       0xe8 .\CortexM4\ARM_GCC_541\Debug\cy_scb_i2c.o
 .text.MasterHandleDataTransmit
                0x100818a0       0xb8 .\CortexM4\ARM_GCC_541\Debug\cy_scb_i2c.o
 .text.SlaveHandleAddress
                0x10081958      0x158 .\CortexM4\ARM_GCC_541\Debug\cy_scb_i2c.o
 .text.MasterHandleDataReceive
                0x10081ab0       0xf0 .\CortexM4\ARM_GCC_541\Debug\cy_scb_i2c.o
 .text.SlaveHandleDataReceive
                0x10081ba0       0xbc .\CortexM4\ARM_GCC_541\Debug\cy_scb_i2c.o
 .text.Cy_SCB_I2C_Init
                0x10081c5c      0x18c .\CortexM4\ARM_GCC_541\Debug\cy_scb_i2c.o
                0x10081c5c                Cy_SCB_I2C_Init
 .text.Cy_SCB_I2C_Disable
                0x10081de8       0x18 .\CortexM4\ARM_GCC_541\Debug\cy_scb_i2c.o
                0x10081de8                Cy_SCB_I2C_Disable
 .text.Cy_SCB_I2C_GetDataRate
                0x10081e00       0x90 .\CortexM4\ARM_GCC_541\Debug\cy_scb_i2c.o
                0x10081e00                Cy_SCB_I2C_GetDataRate
 .text.Cy_SCB_I2C_SetDataRate
                0x10081e90      0x1d0 .\CortexM4\ARM_GCC_541\Debug\cy_scb_i2c.o
                0x10081e90                Cy_SCB_I2C_SetDataRate
 .text.Cy_SCB_I2C_MasterGetStatus
                0x10082060        0x4 .\CortexM4\ARM_GCC_541\Debug\cy_scb_i2c.o
                0x10082060                Cy_SCB_I2C_MasterGetStatus
 .text.Cy_SCB_I2C_MasterRead
                0x10082064      0x170 .\CortexM4\ARM_GCC_541\Debug\cy_scb_i2c.o
                0x10082064                Cy_SCB_I2C_MasterRead
 .text.Cy_SCB_I2C_MasterWrite
                0x100821d4      0x148 .\CortexM4\ARM_GCC_541\Debug\cy_scb_i2c.o
                0x100821d4                Cy_SCB_I2C_MasterWrite
 .text.Cy_SCB_I2C_SlaveInterrupt
                0x1008231c      0x104 .\CortexM4\ARM_GCC_541\Debug\cy_scb_i2c.o
                0x1008231c                Cy_SCB_I2C_SlaveInterrupt
 .text.Cy_SCB_I2C_MasterInterrupt
                0x10082420       0x8c .\CortexM4\ARM_GCC_541\Debug\cy_scb_i2c.o
                0x10082420                Cy_SCB_I2C_MasterInterrupt
 .text.Cy_SCB_I2C_Interrupt
                0x100824ac       0x18 .\CortexM4\ARM_GCC_541\Debug\cy_scb_i2c.o
                0x100824ac                Cy_SCB_I2C_Interrupt
 .text.Cy_SysInt_SetVector
                0x100824c4       0x48 .\CortexM4\ARM_GCC_541\Debug\cy_sysint.o
                0x100824c4                Cy_SysInt_SetVector
 .text.Cy_SysInt_Init
                0x1008250c       0x74 .\CortexM4\ARM_GCC_541\Debug\cy_sysint.o
                0x1008250c                Cy_SysInt_Init
 .text.Cy_SysLib_Delay
                0x10082580       0x30 .\CortexM4\ARM_GCC_541\Debug\cy_syslib.o
                0x10082580                Cy_SysLib_Delay
 .text.Cy_SysLib_DelayUs
                0x100825b0       0x14 .\CortexM4\ARM_GCC_541\Debug\cy_syslib.o
                0x100825b0                Cy_SysLib_DelayUs
 .text.Cy_SysLib_Halt
                0x100825c4        0x4 .\CortexM4\ARM_GCC_541\Debug\cy_syslib.o
                0x100825c4                Cy_SysLib_Halt
 .text.Cy_SysLib_AssertFailed
                0x100825c8       0x1c .\CortexM4\ARM_GCC_541\Debug\cy_syslib.o
                0x100825c8                Cy_SysLib_AssertFailed
 .text.Cy_SysLib_ProcessingFault
                0x100825e4        0x4 .\CortexM4\ARM_GCC_541\Debug\cy_syslib.o
                0x100825e4                Cy_SysLib_ProcessingFault
 .text.Cy_SysLib_FaultHandler
                0x100825e8       0xa4 .\CortexM4\ARM_GCC_541\Debug\cy_syslib.o
                0x100825e8                Cy_SysLib_FaultHandler
 *fill*         0x1008268c        0x4 
 .text          0x10082690       0x20 .\CortexM4\ARM_GCC_541\Debug\cy_syslib_gcc.o
                0x10082690                Cy_SysLib_DelayCycles
                0x100826a2                Cy_SysLib_EnterCriticalSection
                0x100826aa                Cy_SysLib_ExitCriticalSection
 .text.Cy_PDL_Init
                0x100826b0        0xc .\CortexM4\ARM_GCC_541\Debug\cy_device.o
                0x100826b0                Cy_PDL_Init
 .text._write   0x100826bc       0x24 .\CortexM4\ARM_GCC_541\Debug\retarget.o
                0x100826bc                _write
 .text._read    0x100826e0       0x2c .\CortexM4\ARM_GCC_541\Debug\retarget.o
                0x100826e0                _read
 .text.SensorBus_Interrupt
                0x1008270c       0x14 .\CortexM4\ARM_GCC_541\Debug\SensorBus.o
 .text.SensorBus_Start
                0x10082720       0x78 .\CortexM4\ARM_GCC_541\Debug\SensorBus.o
                0x10082720                SensorBus_Start
 .text          0x10082798      0x370 c:/program files (x86)/cypress/psoc creator/4.4/psoc creator/import/gnu/arm/5.4.1/bin/../lib/gcc/arm-none-eabi/5.4.1/armv7e-m/softfp\libgcc.a(_arm_addsubdf3.o)
                0x10082798                __aeabi_drsub
                0x100827a0                __aeabi_dsub
                0x100827a0                __subdf3
                0x100827a4                __aeabi_dadd
                0x100827a4                __adddf3
                0x10082a1c                __floatunsidf
                0x10082a1c                __aeabi_ui2d
                0x10082a3c                __floatsidf
                0x10082a3c                __aeabi_i2d
                0x10082a60                __aeabi_f2d
                0x10082a60                __extendsfdf2
                0x10082a9c                __floatundidf
                0x10082a9c                __aeabi_ul2d
                0x10082aac                __floatdidf
                0x10082aac                __aeabi_l2d
 .text          0x10082b08      0x424 c:/program files (x86)/cypress/psoc creator/4.4/psoc creator/import/gnu/arm/5.4.1/bin/../lib/gcc/arm-none-eabi/5.4.1/armv7e-m/softfp\libgcc.a(_arm_muldivdf3.o)
                0x10082b08                __aeabi_dmul
                0x10082b08                __muldf3
                0x10082d5c                __divdf3
                0x10082d5c                __aeabi_ddiv
 .text          0x10082f2c       0xa0 c:/program files (x86)/cypress/psoc creator/4.4/psoc creator/import/gnu/arm/5.4.1/bin/../lib/gcc/arm-none-eabi/5.4.1/armv7e-m/softfp\libgcc.a(_arm_truncdfsf2.o)
                0x10082f2c                __truncdfsf2
                0x10082f2c                __aeabi_d2f
 .text.memset   0x10082fcc       0x10 c:/program files (x86)/cypress/psoc creator/4.4/psoc creator/import/gnu/arm/5.4.1/bin/../lib/gcc/arm-none-eabi/5.4.1/../../../../arm-none-eabi/lib/armv7e-m/softfp\libg_nano.a(lib_a-memset.o)
                0x10082fcc                memset
 .text.__cvt    0x10082fdc       0xc2 c:/program files (x86)/cypress/psoc creator/4.4/psoc creator/import/gnu/arm/5.4.1/bin/../lib/gcc/arm-none-eabi/5.4.1/../../../../arm-none-eabi/lib/armv7e-m/softfp\libg_nano.a(lib_a-nano-vfprintf_float.o)
                0x10082fdc                __cvt
 .text.__exponent
                0x1008309e       0x60 c:/program files (x86)/cypress/psoc creator/4.4/psoc creator/import/gnu/arm/5.4.1/bin/../lib/gcc/arm-none-eabi/5.4.1/../../../../arm-none-eabi/lib/armv7e-m/softfp\libg_nano.a(lib_a-nano-vfprintf_float.o)
                0x1008309e                __exponent
 *fill*         0x100830fe        0x2 
 .text._printf_float
                0x10083100      0x488 c:/program files (x86)/cypress/psoc creator/4.4/psoc creator/import/gnu/arm/5.4.1/bin/../lib/gcc/arm-none-eabi/5.4.1/../../../../arm-none-eabi/lib/armv7e-m/softfp\libg_nano.a(lib_a-nano-vfprintf_float.o)
                0x10083100                _printf_float
 .text._printf_common
                0x10083588       0xec c:/program files (x86)/cypress/psoc creator/4.4/psoc creator/import/gnu/arm/5.4.1/bin/../lib/gcc/arm-none-eabi/5.4.1/../../../../arm-none-eabi/lib/armv7e-m/softfp\libg_nano.a(lib_a-nano-vfprintf_i.o)
                0x10083588                _printf_common
 .text._printf_i
                0x10083674      0x24c c:/program files (x86)/cypress/psoc creator/4.4/psoc creator/import/gnu/arm/5.4.1/bin/../lib/gcc/arm-none-eabi/5.4.1/../../../../arm-none-eabi/lib/armv7e-m/softfp\libg_nano.a(lib_a-nano-vfprintf_i.o)
                0x10083674                _printf_i
 .text.setvbuf  0x100838c0      0x154 c:/program files (x86)/cypress/psoc creator/4.4/psoc creator/import/gnu/arm/5.4.1/bin/../lib/gcc/arm-none-eabi/5.4.1/../../../../arm-none-eabi/lib/armv7e-m/softfp\libg_nano.a(lib_a-setvbuf.o)
                0x100838c0                setvbuf
 .text.sprintf  0x10083a14       0x48 c:/program files (x86)/cypress/psoc creator/4.4/psoc creator/import/gnu/arm/5.4.1/bin/../lib/gcc/arm-none-eabi/5.4.1/../../../../arm-none-eabi/lib/armv7e-m/softfp\libg_nano.a(lib_a-sprintf.o)
                0x10083a14                siprintf
                0x10083a14                sprintf
 .text.__sread  0x10083a5c       0x22 c:/program files (x86)/cypress/psoc creator/4.4/psoc creator/import/gnu/arm/5.4.1/bin/../lib/gcc/arm-none-eabi/5.4.1/../../../../arm-none-eabi/lib/armv7e-m/softfp\libg_nano.a(lib_a-stdio.o)
                0x10083a5c                __sread
 .text.__swrite
                0x10083a7e       0x38 c:/program files (x86)/cypress/psoc creator/4.4/psoc creator/import/gnu/arm/5.4.1/bin/../lib/gcc/arm-none-eabi/5.4.1/../../../../arm-none-eabi/lib/armv7e-m/softfp\libg_nano.a(lib_a-stdio.o)
                0x10083a7e                __swrite
 .text.__sseek  0x10083ab6       0x24 c:/program files (x86)/cypress/psoc creator/4.4/psoc creator/import/gnu/arm/5.4.1/bin/../lib/gcc/arm-none-eabi/5.4.1/../../../../arm-none-eabi/lib/armv7e-m/softfp\libg_nano.a(lib_a-stdio.o)
                0x10083ab6                __sseek
 .text.__sclose
                0x10083ada        0x8 c:/program files (x86)/cypress/psoc creator/4.4/psoc creator/import/gnu/arm/5.4.1/bin/../lib/gcc/arm-none-eabi/5.4.1/../../../../arm-none-eabi/lib/armv7e-m/softfp\libg_nano.a(lib_a-stdio.o)
                0x10083ada                __sclose
 .text          0x10083ae2       0x10 c:/program files (x86)/cypress/psoc creator/4.4/psoc creator/import/gnu/arm/5.4.1/bin/../lib/gcc/arm-none-eabi/5.4.1/../../../../arm-none-eabi/lib/armv7e-m/softfp\libg_nano.a(lib_a-strlen.o)
                0x10083ae2                strlen
 .text.strncpy  0x10083af2       0x26 c:/program files (x86)/cypress/psoc creator/4.4/psoc creator/import/gnu/arm/5.4.1/bin/../lib/gcc/arm-none-eabi/5.4.1/../../../../arm-none-eabi/lib/armv7e-m/softfp\libg_nano.a(lib_a-strncpy.o)
                0x10083af2                strncpy
 .text._write_r
                0x10083b18       0x24 c:/program files (x86)/cypress/psoc creator/4.4/psoc creator/import/gnu/arm/5.4.1/bin/../lib/gcc/arm-none-eabi/5.4.1/../../../../arm-none-eabi/lib/armv7e-m/softfp\libg_nano.a(lib_a-writer.o)
                0x10083b18                _write_r
 .text._close_r
                0x10083b3c       0x20 c:/program files (x86)/cypress/psoc creator/4.4/psoc creator/import/gnu/arm/5.4.1/bin/../lib/gcc/arm-none-eabi/5.4.1/../../../../arm-none-eabi/lib/armv7e-m/softfp\libg_nano.a(lib_a-closer.o)
                0x10083b3c                _close_r
 .text.quorem   0x10083b5c      0x11e c:/program files (x86)/cypress/psoc creator/4.4/psoc creator/import/gnu/arm/5.4.1/bin/../lib/gcc/arm-none-eabi/5.4.1/../../../../arm-none-eabi/lib/armv7e-m/softfp\libg_nano.a(lib_a-dtoa.o)
 *fill*         0x10083c7a        0x6 
 .text._dtoa_r  0x10083c80      0xb38 c:/program files (x86)/cypress/psoc creator/4.4/psoc creator/import/gnu/arm/5.4.1/bin/../lib/gcc/arm-none-eabi/5.4.1/../../../../arm-none-eabi/lib/armv7e-m/softfp\libg_nano.a(lib_a-dtoa.o)
                0x10083c80                _dtoa_r
 .text.__sflush_r
                0x100847b8      0x110 c:/program files (x86)/cypress/psoc creator/4.4/psoc creator/import/gnu/arm/5.4.1/bin/../lib/gcc/arm-none-eabi/5.4.1/../../../../arm-none-eabi/lib/armv7e-m/softfp\libg_nano.a(lib_a-fflush.o)
                0x100847b8                __sflush_r
 .text._fflush_r
                0x100848c8       0x54 c:/program files (x86)/cypress/psoc creator/4.4/psoc creator/import/gnu/arm/5.4.1/bin/../lib/gcc/arm-none-eabi/5.4.1/../../../../arm-none-eabi/lib/armv7e-m/softfp\libg_nano.a(lib_a-fflush.o)
                0x100848c8                _fflush_r
 .text._cleanup_r
                0x1008491c        0xc c:/program files (x86)/cypress/psoc creator/4.4/psoc creator/import/gnu/arm/5.4.1/bin/../lib/gcc/arm-none-eabi/5.4.1/../../../../arm-none-eabi/lib/armv7e-m/softfp\libg_nano.a(lib_a-findfp.o)
                0x1008491c                _cleanup_r
 .text.std.isra.0
                0x10084928       0x48 c:/program files (x86)/cypress/psoc creator/4.4/psoc creator/import/gnu/arm/5.4.1/bin/../lib/gcc/arm-none-eabi/5.4.1/../../../../arm-none-eabi/lib/armv7e-m/softfp\libg_nano.a(lib_a-findfp.o)
 .text.__sfmoreglue
                0x10084970       0x2c c:/program files (x86)/cypress/psoc creator/4.4/psoc creator/import/gnu/arm/5.4.1/bin/../lib/gcc/arm-none-eabi/5.4.1/../../../../arm-none-eabi/lib/armv7e-m/softfp\libg_nano.a(lib_a-findfp.o)
                0x10084970                __sfmoreglue
 .text.__sinit  0x1008499c       0x60 c:/program files (x86)/cypress/psoc creator/4.4/psoc creator/import/gnu/arm/5.4.1/bin/../lib/gcc/arm-none-eabi/5.4.1/../../../../arm-none-eabi/lib/armv7e-m/softfp\libg_nano.a(lib_a-findfp.o)
                0x1008499c                __sinit
 .text.__sfp    0x100849fc       0x78 c:/program files (x86)/cypress/psoc creator/4.4/psoc creator/import/gnu/arm/5.4.1/bin/../lib/gcc/arm-none-eabi/5.4.1/../../../../arm-none-eabi/lib/armv7e-m/softfp\libg_nano.a(lib_a-findfp.o)
                0x100849fc                __sfp
 .text._fwalk_reent
                0x10084a74       0x3c c:/program files (x86)/cypress/psoc creator/4.4/psoc creator/import/gnu/arm/5.4.1/bin/../lib/gcc/arm-none-eabi/5.4.1/../../../../arm-none-eabi/lib/armv7e-m/softfp\libg_nano.a(lib_a-fwalk.o)
                0x10084a74                _fwalk_reent
 .text._localeconv_r
                0x10084ab0        0x8 c:/program files (x86)/cypress/psoc creator/4.4/psoc creator/import/gnu/arm/5.4.1/bin/../lib/gcc/arm-none-eabi/5.4.1/../../../../arm-none-eabi/lib/armv7e-m/softfp\libg_nano.a(lib_a-locale.o)
                0x10084ab0                _localeconv_r
 .text._lseek_r
                0x10084ab8       0x24 c:/program files (x86)/cypress/psoc creator/4.4/psoc creator/import/gnu/arm/5.4.1/bin/../lib/gcc/arm-none-eabi/5.4.1/../../../../arm-none-eabi/lib/armv7e-m/softfp\libg_nano.a(lib_a-lseekr.o)
                0x10084ab8                _lseek_r
 .text.__swhatbuf_r
                0x10084adc       0x46 c:/program files (x86)/cypress/psoc creator/4.4/psoc creator/import/gnu/arm/5.4.1/bin/../lib/gcc/arm-none-eabi/5.4.1/../../../../arm-none-eabi/lib/armv7e-m/softfp\libg_nano.a(lib_a-makebuf.o)
                0x10084adc                __swhatbuf_r
 *fill*         0x10084b22        0x2 
 .text.malloc   0x10084b24       0x10 c:/program files (x86)/cypress/psoc creator/4.4/psoc creator/import/gnu/arm/5.4.1/bin/../lib/gcc/arm-none-eabi/5.4.1/../../../../arm-none-eabi/lib/armv7e-m/softfp\libg_nano.a(lib_a-malloc.o)
                0x10084b24                malloc
 *fill*         0x10084b34        0xc 
 .text          0x10084b40       0xa0 c:/program files (x86)/cypress/psoc creator/4.4/psoc creator/import/gnu/arm/5.4.1/bin/../lib/gcc/arm-none-eabi/5.4.1/../../../../arm-none-eabi/lib/armv7e-m/softfp\libg_nano.a(lib_a-memchr.o)
                0x10084b40                memchr
 .text.memcpy   0x10084be0       0x16 c:/program files (x86)/cypress/psoc creator/4.4/psoc creator/import/gnu/arm/5.4.1/bin/../lib/gcc/arm-none-eabi/5.4.1/../../../../arm-none-eabi/lib/armv7e-m/softfp\libg_nano.a(lib_a-memcpy-stub.o)
                0x10084be0                memcpy
 .text._Balloc  0x10084bf6       0x6a c:/program files (x86)/cypress/psoc creator/4.4/psoc creator/import/gnu/arm/5.4.1/bin/../lib/gcc/arm-none-eabi/5.4.1/../../../../arm-none-eabi/lib/armv7e-m/softfp\libg_nano.a(lib_a-mprec.o)
                0x10084bf6                _Balloc
 .text._Bfree   0x10084c60       0x2e c:/program files (x86)/cypress/psoc creator/4.4/psoc creator/import/gnu/arm/5.4.1/bin/../lib/gcc/arm-none-eabi/5.4.1/../../../../arm-none-eabi/lib/armv7e-m/softfp\libg_nano.a(lib_a-mprec.o)
                0x10084c60                _Bfree
 .text.__multadd
                0x10084c8e       0x76 c:/program files (x86)/cypress/psoc creator/4.4/psoc creator/import/gnu/arm/5.4.1/bin/../lib/gcc/arm-none-eabi/5.4.1/../../../../arm-none-eabi/lib/armv7e-m/softfp\libg_nano.a(lib_a-mprec.o)
                0x10084c8e                __multadd
 .text.__hi0bits
                0x10084d04       0x40 c:/program files (x86)/cypress/psoc creator/4.4/psoc creator/import/gnu/arm/5.4.1/bin/../lib/gcc/arm-none-eabi/5.4.1/../../../../arm-none-eabi/lib/armv7e-m/softfp\libg_nano.a(lib_a-mprec.o)
                0x10084d04                __hi0bits
 .text.__lo0bits
                0x10084d44       0x5a c:/program files (x86)/cypress/psoc creator/4.4/psoc creator/import/gnu/arm/5.4.1/bin/../lib/gcc/arm-none-eabi/5.4.1/../../../../arm-none-eabi/lib/armv7e-m/softfp\libg_nano.a(lib_a-mprec.o)
                0x10084d44                __lo0bits
 .text.__i2b    0x10084d9e       0x12 c:/program files (x86)/cypress/psoc creator/4.4/psoc creator/import/gnu/arm/5.4.1/bin/../lib/gcc/arm-none-eabi/5.4.1/../../../../arm-none-eabi/lib/armv7e-m/softfp\libg_nano.a(lib_a-mprec.o)
                0x10084d9e                __i2b
 .text.__multiply
                0x10084db0      0x122 c:/program files (x86)/cypress/psoc creator/4.4/psoc creator/import/gnu/arm/5.4.1/bin/../lib/gcc/arm-none-eabi/5.4.1/../../../../arm-none-eabi/lib/armv7e-m/softfp\libg_nano.a(lib_a-mprec.o)
                0x10084db0                __multiply
 *fill*         0x10084ed2        0x2 
 .text.__pow5mult
                0x10084ed4       0x9c c:/program files (x86)/cypress/psoc creator/4.4/psoc creator/import/gnu/arm/5.4.1/bin/../lib/gcc/arm-none-eabi/5.4.1/../../../../arm-none-eabi/lib/armv7e-m/softfp\libg_nano.a(lib_a-mprec.o)
                0x10084ed4                __pow5mult
 .text.__lshift
                0x10084f70       0xa2 c:/program files (x86)/cypress/psoc creator/4.4/psoc creator/import/gnu/arm/5.4.1/bin/../lib/gcc/arm-none-eabi/5.4.1/../../../../arm-none-eabi/lib/armv7e-m/softfp\libg_nano.a(lib_a-mprec.o)
                0x10084f70                __lshift
 .text.__mcmp   0x10085012       0x38 c:/program files (x86)/cypress/psoc creator/4.4/psoc creator/import/gnu/arm/5.4.1/bin/../lib/gcc/arm-none-eabi/5.4.1/../../../../arm-none-eabi/lib/armv7e-m/softfp\libg_nano.a(lib_a-mprec.o)
                0x10085012                __mcmp
 .text.__mdiff  0x1008504a       0xbe c:/program files (x86)/cypress/psoc creator/4.4/psoc creator/import/gnu/arm/5.4.1/bin/../lib/gcc/arm-none-eabi/5.4.1/../../../../arm-none-eabi/lib/armv7e-m/softfp\libg_nano.a(lib_a-mprec.o)
                0x1008504a                __mdiff
 .text.__d2b    0x10085108       0x9c c:/program files (x86)/cypress/psoc creator/4.4/psoc creator/import/gnu/arm/5.4.1/bin/../lib/gcc/arm-none-eabi/5.4.1/../../../../arm-none-eabi/lib/armv7e-m/softfp\libg_nano.a(lib_a-mprec.o)
                0x10085108                __d2b
 .text._calloc_r
                0x100851a4       0x1c c:/program files (x86)/cypress/psoc creator/4.4/psoc creator/import/gnu/arm/5.4.1/bin/../lib/gcc/arm-none-eabi/5.4.1/../../../../arm-none-eabi/lib/armv7e-m/softfp\libg_nano.a(lib_a-nano-callocr.o)
                0x100851a4                _calloc_r
 .text._free_r  0x100851c0       0x9c c:/program files (x86)/cypress/psoc creator/4.4/psoc creator/import/gnu/arm/5.4.1/bin/../lib/gcc/arm-none-eabi/5.4.1/../../../../arm-none-eabi/lib/armv7e-m/softfp\libg_nano.a(lib_a-nano-freer.o)
                0x100851c0                _free_r
 .text._malloc_r
                0x1008525c       0xbc c:/program files (x86)/cypress/psoc creator/4.4/psoc creator/import/gnu/arm/5.4.1/bin/../lib/gcc/arm-none-eabi/5.4.1/../../../../arm-none-eabi/lib/armv7e-m/softfp\libg_nano.a(lib_a-nano-mallocr.o)
                0x1008525c                _malloc_r
 .text.__ssputs_r
                0x10085318       0xb2 c:/program files (x86)/cypress/psoc creator/4.4/psoc creator/import/gnu/arm/5.4.1/bin/../lib/gcc/arm-none-eabi/5.4.1/../../../../arm-none-eabi/lib/armv7e-m/softfp\libg_nano.a(lib_a-nano-svfprintf.o)
                0x10085318                __ssputs_r
 *fill*         0x100853ca        0x2 
 .text._svfprintf_r
                0x100853cc      0x1e8 c:/program files (x86)/cypress/psoc creator/4.4/psoc creator/import/gnu/arm/5.4.1/bin/../lib/gcc/arm-none-eabi/5.4.1/../../../../arm-none-eabi/lib/armv7e-m/softfp\libg_nano.a(lib_a-nano-svfprintf.o)
                0x100853cc                _svfiprintf_r
                0x100853cc                _svfprintf_r
 .text._read_r  0x100855b4       0x24 c:/program files (x86)/cypress/psoc creator/4.4/psoc creator/import/gnu/arm/5.4.1/bin/../lib/gcc/arm-none-eabi/5.4.1/../../../../arm-none-eabi/lib/armv7e-m/softfp\libg_nano.a(lib_a-readr.o)
                0x100855b4                _read_r
 .text._sbrk_r  0x100855d8       0x20 c:/program files (x86)/cypress/psoc creator/4.4/psoc creator/import/gnu/arm/5.4.1/bin/../lib/gcc/arm-none-eabi/5.4.1/../../../../arm-none-eabi/lib/armv7e-m/softfp\libg_nano.a(lib_a-sbrkr.o)
                0x100855d8                _sbrk_r
 .text._fstat_r
                0x100855f8       0x24 c:/program files (x86)/cypress/psoc creator/4.4/psoc creator/import/gnu/arm/5.4.1/bin/../lib/gcc/arm-none-eabi/5.4.1/../../../../arm-none-eabi/lib/armv7e-m/softfp\libg_nano.a(lib_a-fstatr.o)
                0x100855f8                _fstat_r
 .text.memmove  0x1008561c       0x36 c:/program files (x86)/cypress/psoc creator/4.4/psoc creator/import/gnu/arm/5.4.1/bin/../lib/gcc/arm-none-eabi/5.4.1/../../../../arm-none-eabi/lib/armv7e-m/softfp\libg_nano.a(lib_a-memmove.o)
                0x1008561c                memmove
 .text.__malloc_lock
                0x10085652        0x2 c:/program files (x86)/cypress/psoc creator/4.4/psoc creator/import/gnu/arm/5.4.1/bin/../lib/gcc/arm-none-eabi/5.4.1/../../../../arm-none-eabi/lib/armv7e-m/softfp\libg_nano.a(lib_a-mlock.o)
                0x10085652                __malloc_lock
 .text.__malloc_unlock
                0x10085654        0x2 c:/program files (x86)/cypress/psoc creator/4.4/psoc creator/import/gnu/arm/5.4.1/bin/../lib/gcc/arm-none-eabi/5.4.1/../../../../arm-none-eabi/lib/armv7e-m/softfp\libg_nano.a(lib_a-mlock.o)
                0x10085654                __malloc_unlock
 .text._realloc_r
                0x10085656       0x4c c:/program files (x86)/cypress/psoc creator/4.4/psoc creator/import/gnu/arm/5.4.1/bin/../lib/gcc/arm-none-eabi/5.4.1/../../../../arm-none-eabi/lib/armv7e-m/softfp\libg_nano.a(lib_a-nano-reallocr.o)
                0x10085656                _realloc_r
 .text._malloc_usable_size_r
                0x100856a2       0x14 c:/program files (x86)/cypress/psoc creator/4.4/psoc creator/import/gnu/arm/5.4.1/bin/../lib/gcc/arm-none-eabi/5.4.1/../../../../arm-none-eabi/lib/armv7e-m/softfp\libg_nano.a(lib_a-nano-msizer.o)
                0x100856a2                _malloc_usable_size_r
 *fill*         0x100856b6        0x2 
 .text          0x100856b8      0x110 c:/program files (x86)/cypress/psoc creator/4.4/psoc creator/import/gnu/arm/5.4.1/bin/../lib/gcc/arm-none-eabi/5.4.1/armv7e-m/softfp\libgcc.a(_arm_cmpdf2.o)
                0x100856b8                __gtdf2
                0x100856b8                __gedf2
                0x100856c0                __ltdf2
                0x100856c0                __ledf2
                0x100856c8                __nedf2
                0x100856c8                __eqdf2
                0x100856c8                __cmpdf2
                0x10085744                __aeabi_cdrcmple
                0x10085754                __aeabi_cdcmpeq
                0x10085754                __aeabi_cdcmple
                0x10085764                __aeabi_dcmpeq
                0x10085778                __aeabi_dcmplt
                0x1008578c                __aeabi_dcmple
                0x100857a0                __aeabi_dcmpge
                0x100857b4                __aeabi_dcmpgt
 .text          0x100857c8       0x2c c:/program files (x86)/cypress/psoc creator/4.4/psoc creator/import/gnu/arm/5.4.1/bin/../lib/gcc/arm-none-eabi/5.4.1/armv7e-m/softfp\libgcc.a(_arm_unorddf2.o)
                0x100857c8                __unorddf2
                0x100857c8                __aeabi_dcmpun
 .text          0x100857f4       0x50 c:/program files (x86)/cypress/psoc creator/4.4/psoc creator/import/gnu/arm/5.4.1/bin/../lib/gcc/arm-none-eabi/5.4.1/armv7e-m/softfp\libgcc.a(_arm_fixdfsi.o)
                0x100857f4                __aeabi_d2iz
                0x100857f4                __fixdfsi
 .text._close   0x10085844       0x10 c:/program files (x86)/cypress/psoc creator/4.4/psoc creator/import/gnu/arm/5.4.1/bin/../lib/gcc/arm-none-eabi/5.4.1/../../../../arm-none-eabi/lib/armv7e-m/softfp\libnosys.a(close.o)
                0x10085844                _close
 .text._fstat   0x10085854       0x10 c:/program files (x86)/cypress/psoc creator/4.4/psoc creator/import/gnu/arm/5.4.1/bin/../lib/gcc/arm-none-eabi/5.4.1/../../../../arm-none-eabi/lib/armv7e-m/softfp\libnosys.a(fstat.o)
                0x10085854                _fstat
 .text._lseek   0x10085864       0x10 c:/program files (x86)/cypress/psoc creator/4.4/psoc creator/import/gnu/arm/5.4.1/bin/../lib/gcc/arm-none-eabi/5.4.1/../../../../arm-none-eabi/lib/armv7e-m/softfp\libnosys.a(lseek.o)
                0x10085864                _lseek
 .text._sbrk    0x10085874       0x1c c:/program files (x86)/cypress/psoc creator/4.4/psoc creator/import/gnu/arm/5.4.1/bin/../lib/gcc/arm-none-eabi/5.4.1/../../../../arm-none-eabi/lib/armv7e-m/softfp\libnosys.a(sbrk.o)
                0x10085874                _sbrk
 *(.init)
 .init          0x10085890        0x4 c:/program files (x86)/cypress/psoc creator/4.4/psoc creator/import/gnu/arm/5.4.1/bin/../lib/gcc/arm-none-eabi/5.4.1/armv7e-m/softfp/crti.o
                0x10085890                _init
 .init          0x10085894        0x8 c:/program files (x86)/cypress/psoc creator/4.4/psoc creator/import/gnu/arm/5.4.1/bin/../lib/gcc/arm-none-eabi/5.4.1/armv7e-m/softfp/crtn.o
 *(.fini)
 .fini          0x1008589c        0x4 c:/program files (x86)/cypress/psoc creator/4.4/psoc creator/import/gnu/arm/5.4.1/bin/../lib/gcc/arm-none-eabi/5.4.1/armv7e-m/softfp/crti.o
                0x1008589c                _fini
 .fini          0x100858a0        0x8 c:/program files (x86)/cypress/psoc creator/4.4/psoc creator/import/gnu/arm/5.4.1/bin/../lib/gcc/arm-none-eabi/5.4.1/armv7e-m/softfp/crtn.o
 *crtbegin.o(.ctors)
 *crtbegin?.o(.ctors)
 *(EXCLUDE_FILE(*crtend.o *crtend?.o) .ctors)
 *(SORT(.ctors.*))
 *(.ctors)
 *crtbegin.o(.dtors)
 *crtbegin?.o(.dtors)
 *(EXCLUDE_FILE(*crtend.o *crtend?.o) .dtors)
 *(SORT(.dtors.*))
 *(.dtors)
 *(.rodata .rodata.* .constdata .constdata.* .conststring .conststring.*)
 .rodata.str1.4
                0x100858a8       0xb1 .\CortexM4\ARM_GCC_541\Debug\main_cm4.o
 *fill*         0x10085959        0x3 
 .rodata        0x1008595c       0x34 .\CortexM4\ARM_GCC_541\Debug\system_psoc6_cm4.o
 .rodata        0x10085990       0x10 .\CortexM4\ARM_GCC_541\Debug\cyfitter_sysint_cfg.o
                0x10085990                SensorBus_SCB_IRQ_cfg
                0x10085998                UART_SCB_IRQ_cfg
 .rodata.str1.4
                0x100859a0       0x3f .\CortexM4\ARM_GCC_541\Debug\cy_flash.o
 *fill*         0x100859df        0x1 
 .rodata.str1.4
                0x100859e0       0x7f .\CortexM4\ARM_GCC_541\Debug\cy_ipc_drv.o
 .rodata.str1.4
                0x10085a5f       0x3f .\CortexM4\ARM_GCC_541\Debug\cy_ipc_sema.o
 *fill*         0x10085a5f        0x1 
 .rodata.str1.4
                0x10085a60       0x40 .\CortexM4\ARM_GCC_541\Debug\cy_ipc_pipe.o
                                 0x7f (size before relaxing)
 .rodata.str1.4
                0x10085aa0       0xc3 .\CortexM4\ARM_GCC_541\Debug\cy_scb_i2c.o
 *fill*         0x10085b63        0x1 
 .rodata.str1.4
                0x10085b64       0x44 .\CortexM4\ARM_GCC_541\Debug\cy_sysint.o
                                 0x41 (size before relaxing)
 .rodata        0x10085ba8      0x170 .\CortexM4\ARM_GCC_541\Debug\cy_device.o
                0x10085ba8                cy_deviceIpBlockCfgPSoC6_02
                0x10085c60                cy_deviceIpBlockCfgPSoC6_01
 .rodata        0x10085d18       0x14 .\CortexM4\ARM_GCC_541\Debug\SensorBus.o
                0x10085d18                SensorBus_config
 .rodata.str1.1
                0x10085d2c        0x2 c:/program files (x86)/cypress/psoc creator/4.4/psoc creator/import/gnu/arm/5.4.1/bin/../lib/gcc/arm-none-eabi/5.4.1/../../../../arm-none-eabi/lib/armv7e-m/softfp\libg_nano.a(lib_a-impure.o)
 *fill*         0x10085d2e        0x2 
 .rodata._global_impure_ptr
                0x10085d30        0x4 c:/program files (x86)/cypress/psoc creator/4.4/psoc creator/import/gnu/arm/5.4.1/bin/../lib/gcc/arm-none-eabi/5.4.1/../../../../arm-none-eabi/lib/armv7e-m/softfp\libg_nano.a(lib_a-impure.o)
                0x10085d30                _global_impure_ptr
 .rodata.str1.1
                0x10085d34       0x12 c:/program files (x86)/cypress/psoc creator/4.4/psoc creator/import/gnu/arm/5.4.1/bin/../lib/gcc/arm-none-eabi/5.4.1/../../../../arm-none-eabi/lib/armv7e-m/softfp\libg_nano.a(lib_a-nano-vfprintf_float.o)
 .rodata.str1.1
                0x10085d46       0x22 c:/program files (x86)/cypress/psoc creator/4.4/psoc creator/import/gnu/arm/5.4.1/bin/../lib/gcc/arm-none-eabi/5.4.1/../../../../arm-none-eabi/lib/armv7e-m/softfp\libg_nano.a(lib_a-nano-vfprintf_i.o)
 .rodata.str1.1
                0x10085d68        0xd c:/program files (x86)/cypress/psoc creator/4.4/psoc creator/import/gnu/arm/5.4.1/bin/../lib/gcc/arm-none-eabi/5.4.1/../../../../arm-none-eabi/lib/armv7e-m/softfp\libg_nano.a(lib_a-dtoa.o)
                                  0xf (size before relaxing)
 *fill*         0x10085d75        0x3 
 .rodata.__sf_fake_stdin
                0x10085d78       0x20 c:/program files (x86)/cypress/psoc creator/4.4/psoc creator/import/gnu/arm/5.4.1/bin/../lib/gcc/arm-none-eabi/5.4.1/../../../../arm-none-eabi/lib/armv7e-m/softfp\libg_nano.a(lib_a-findfp.o)
                0x10085d78                __sf_fake_stdin
 .rodata.__sf_fake_stdout
                0x10085d98       0x20 c:/program files (x86)/cypress/psoc creator/4.4/psoc creator/import/gnu/arm/5.4.1/bin/../lib/gcc/arm-none-eabi/5.4.1/../../../../arm-none-eabi/lib/armv7e-m/softfp\libg_nano.a(lib_a-findfp.o)
                0x10085d98                __sf_fake_stdout
 .rodata.__sf_fake_stderr
                0x10085db8       0x20 c:/program files (x86)/cypress/psoc creator/4.4/psoc creator/import/gnu/arm/5.4.1/bin/../lib/gcc/arm-none-eabi/5.4.1/../../../../arm-none-eabi/lib/armv7e-m/softfp\libg_nano.a(lib_a-findfp.o)
                0x10085db8                __sf_fake_stderr
 .rodata.str1.1
                0x10085dd8        0x8 c:/program files (x86)/cypress/psoc creator/4.4/psoc creator/import/gnu/arm/5.4.1/bin/../lib/gcc/arm-none-eabi/5.4.1/../../../../arm-none-eabi/lib/armv7e-m/softfp\libg_nano.a(lib_a-locale.o)
                                  0xb (size before relaxing)
 .rodata.p05.5410
                0x10085de0        0xc c:/program files (x86)/cypress/psoc creator/4.4/psoc creator/import/gnu/arm/5.4.1/bin/../lib/gcc/arm-none-eabi/5.4.1/../../../../arm-none-eabi/lib/armv7e-m/softfp\libg_nano.a(lib_a-mprec.o)
 *fill*         0x10085dec        0x4 
 .rodata.__mprec_bigtens
                0x10085df0       0x28 c:/program files (x86)/cypress/psoc creator/4.4/psoc creator/import/gnu/arm/5.4.1/bin/../lib/gcc/arm-none-eabi/5.4.1/../../../../arm-none-eabi/lib/armv7e-m/softfp\libg_nano.a(lib_a-mprec.o)
                0x10085df0                __mprec_bigtens
 .rodata.__mprec_tens
                0x10085e18       0xc8 c:/program files (x86)/cypress/psoc creator/4.4/psoc creator/import/gnu/arm/5.4.1/bin/../lib/gcc/arm-none-eabi/5.4.1/../../../../arm-none-eabi/lib/armv7e-m/softfp\libg_nano.a(lib_a-mprec.o)
                0x10085e18                __mprec_tens
 .rodata.str1.1
                0x10085ee0       0x11 c:/program files (x86)/cypress/psoc creator/4.4/psoc creator/import/gnu/arm/5.4.1/bin/../lib/gcc/arm-none-eabi/5.4.1/../../../../arm-none-eabi/lib/armv7e-m/softfp\libg_nano.a(lib_a-nano-svfprintf.o)
 *(.eh_frame*)
 *fill*         0x10085ef1        0x3 
 .eh_frame      0x10085ef4        0x0 c:/program files (x86)/cypress/psoc creator/4.4/psoc creator/import/gnu/arm/5.4.1/bin/../lib/gcc/arm-none-eabi/5.4.1/armv7e-m/softfp/crtbegin.o
 .eh_frame      0x10085ef4        0x4 c:/program files (x86)/cypress/psoc creator/4.4/psoc creator/import/gnu/arm/5.4.1/bin/../lib/gcc/arm-none-eabi/5.4.1/armv7e-m/softfp/crtend.o

.glue_7         0x10085ef8        0x0
 .glue_7        0x10085ef8        0x0 linker stubs

.glue_7t        0x10085ef8        0x0
 .glue_7t       0x10085ef8        0x0 linker stubs

.vfp11_veneer   0x10085ef8        0x0
 .vfp11_veneer  0x10085ef8        0x0 linker stubs

.v4_bx          0x10085ef8        0x0
 .v4_bx         0x10085ef8        0x0 linker stubs

.iplt           0x10085ef8        0x0
 .iplt          0x10085ef8        0x0 c:/program files (x86)/cypress/psoc creator/4.4/psoc creator/import/gnu/arm/5.4.1/bin/../lib/gcc/arm-none-eabi/5.4.1/armv7e-m/softfp/crtbegin.o

.ARM.extab
 *(.ARM.extab* .gnu.linkonce.armextab.*)
                0x10085ef8                __exidx_start = .

.ARM.exidx
 *(.ARM.exidx* .gnu.linkonce.armexidx.*)
                0x10085ef8                __exidx_end = .

.copy.table     0x10085ef8       0x18
                0x10085ef8                . = ALIGN (0x4)
                0x10085ef8                __copy_table_start__ = .
                0x10085ef8        0x4 LONG 0x10080000 __Vectors
                0x10085efc        0x4 LONG 0x8024000 __ram_vectors_start__
                0x10085f00        0x4 LONG 0x28c (__Vectors_End - __Vectors)
                0x10085f04        0x4 LONG 0x10085f18 __etext
                0x10085f08        0x4 LONG 0x802428c __data_start__
                0x10085f0c        0x4 LONG 0x664 (__data_end__ - __data_start__)
                0x10085f10                __copy_table_end__ = .

.zero.table     0x10085f10        0x8
                0x10085f10                . = ALIGN (0x4)
                0x10085f10                __zero_table_start__ = .
                0x10085f10        0x4 LONG 0x8024984 __bss_start__
                0x10085f14        0x4 LONG 0x2d8 (__bss_end__ - __bss_start__)
                0x10085f18                __zero_table_end__ = .
                0x10085f18                __etext = .

.ramVectors     0x08024000      0x28c
                0x08024000                __ram_vectors_start__ = .
 *(.ram_vectors)
 .ram_vectors   0x08024000      0x28c .\CortexM4\ARM_GCC_541\Debug\startup_psoc6_01_cm4.o
                0x08024000                __ramVectors
                0x0802428c                __ram_vectors_end__ = .

.data           0x0802428c      0x664 load address 0x10085f18
                0x0802428c                __data_start__ = .
 *(vtable)
 *(.data*)
 .data          0x0802428c        0x4 .\CortexM4\ARM_GCC_541\Debug\main_cm4.o
                0x0802428c                state
 .data          0x08024290       0x20 .\CortexM4\ARM_GCC_541\Debug\system_psoc6_cm4.o
                0x08024290                cy_BleEcoClockFreqHz
                0x08024294                cy_Hfclk0FreqHz
                0x08024298                cy_PeriClkFreqHz
                0x0802429c                SystemCoreClock
                0x080242a0                cy_delayFreqHz
                0x080242a4                cy_delayFreqMhz
                0x080242a8                cy_delayFreqKhz
                0x080242ac                cy_delay32kMs
 .data.impure_data
                0x080242b0       0x60 c:/program files (x86)/cypress/psoc creator/4.4/psoc creator/import/gnu/arm/5.4.1/bin/../lib/gcc/arm-none-eabi/5.4.1/../../../../arm-none-eabi/lib/armv7e-m/softfp\libg_nano.a(lib_a-impure.o)
 .data._impure_ptr
                0x08024310        0x4 c:/program files (x86)/cypress/psoc creator/4.4/psoc creator/import/gnu/arm/5.4.1/bin/../lib/gcc/arm-none-eabi/5.4.1/../../../../arm-none-eabi/lib/armv7e-m/softfp\libg_nano.a(lib_a-impure.o)
                0x08024310                _impure_ptr
 .data.lconv    0x08024314       0x38 c:/program files (x86)/cypress/psoc creator/4.4/psoc creator/import/gnu/arm/5.4.1/bin/../lib/gcc/arm-none-eabi/5.4.1/../../../../arm-none-eabi/lib/armv7e-m/softfp\libg_nano.a(lib_a-locale.o)
                0x0802434c                . = ALIGN (0x4)
                0x0802434c                PROVIDE (__preinit_array_start, .)
 *(.preinit_array)
                0x0802434c                PROVIDE (__preinit_array_end, .)
                0x0802434c                . = ALIGN (0x4)
                0x0802434c                PROVIDE (__init_array_start, .)
 *(SORT(.init_array.*))
 *(.init_array)
 .init_array    0x0802434c        0x4 c:/program files (x86)/cypress/psoc creator/4.4/psoc creator/import/gnu/arm/5.4.1/bin/../lib/gcc/arm-none-eabi/5.4.1/armv7e-m/softfp/crtbegin.o
                0x08024350                PROVIDE (__init_array_end, .)
                0x08024350                . = ALIGN (0x4)
                [!provide]                PROVIDE (__fini_array_start, .)
 *(SORT(.fini_array.*))
 *(.fini_array)
 .fini_array    0x08024350        0x4 c:/program files (x86)/cypress/psoc creator/4.4/psoc creator/import/gnu/arm/5.4.1/bin/../lib/gcc/arm-none-eabi/5.4.1/armv7e-m/softfp/crtbegin.o
                [!provide]                PROVIDE (__fini_array_end, .)
 *(.jcr*)
 .jcr           0x08024354        0x0 c:/program files (x86)/cypress/psoc creator/4.4/psoc creator/import/gnu/arm/5.4.1/bin/../lib/gcc/arm-none-eabi/5.4.1/armv7e-m/softfp/crtbegin.o
 .jcr           0x08024354        0x4 c:/program files (x86)/cypress/psoc creator/4.4/psoc creator/import/gnu/arm/5.4.1/bin/../lib/gcc/arm-none-eabi/5.4.1/armv7e-m/softfp/crtend.o
                0x08024358                . = ALIGN (0x4)
 *(.cy_ramfunc*)
 .cy_ramfunc    0x08024358      0x300 .\CortexM4\ARM_GCC_541\Debug\cy_flash.o
                0x080243c4                Cy_Flash_ResumeIrqHandler
 .cy_ramfunc    0x08024658      0x218 .\CortexM4\ARM_GCC_541\Debug\cy_syspm.o
 .cy_ramfunc.__stub
                0x08024870       0x80 linker stubs
                0x080248f0                . = ALIGN (0x4)
                0x080248f0                __data_end__ = .

.igot.plt       0x080248f0        0x0 load address 0x1008657c
 .igot.plt      0x080248f0        0x0 c:/program files (x86)/cypress/psoc creator/4.4/psoc creator/import/gnu/arm/5.4.1/bin/../lib/gcc/arm-none-eabi/5.4.1/armv7e-m/softfp/crtbegin.o

.noinit         0x080248f0       0x94 load address 0x10086580
 *(.noinit)
 .noinit        0x080248f0       0x94 .\CortexM4\ARM_GCC_541\Debug\cy_syslib.o
                0x080248f0                cy_assertFileName
                0x08024908                cy_assertLine
                0x0802490c                cy_faultFrame

.bss            0x08024984      0x2d8 load address 0x10086614
                0x08024984                . = ALIGN (0x4)
                0x08024984                __bss_start__ = .
 *(.bss*)
 .bss           0x08024984       0x1c c:/program files (x86)/cypress/psoc creator/4.4/psoc creator/import/gnu/arm/5.4.1/bin/../lib/gcc/arm-none-eabi/5.4.1/armv7e-m/softfp/crtbegin.o
 .bss           0x080249a0       0x38 .\CortexM4\ARM_GCC_541\Debug\main_cm4.o
                0x080249c0                last_state
                0x080249c4                light_switch
                0x080249c8                I2C_count
                0x080249cc                z_accl
                0x080249d0                y_accl
                0x080249d4                x_accl
 .bss           0x080249d8      0x180 .\CortexM4\ARM_GCC_541\Debug\system_psoc6_cm4.o
 .bss           0x08024b58       0x18 .\CortexM4\ARM_GCC_541\Debug\cy_flash.o
 .bss           0x08024b70        0xc .\CortexM4\ARM_GCC_541\Debug\cy_ipc_sema.o
 .bss           0x08024b7c        0x4 .\CortexM4\ARM_GCC_541\Debug\cy_ipc_pipe.o
 .bss           0x08024b80       0x3c .\CortexM4\ARM_GCC_541\Debug\cy_syspm.o
 .bss           0x08024bbc        0x1 .\CortexM4\ARM_GCC_541\Debug\SensorBus.o
                0x08024bbc                SensorBus_initVar
 *fill*         0x08024bbd        0x3 
 .bss.__malloc_sbrk_start
                0x08024bc0        0x4 c:/program files (x86)/cypress/psoc creator/4.4/psoc creator/import/gnu/arm/5.4.1/bin/../lib/gcc/arm-none-eabi/5.4.1/../../../../arm-none-eabi/lib/armv7e-m/softfp\libg_nano.a(lib_a-nano-mallocr.o)
                0x08024bc0                __malloc_sbrk_start
 .bss.__malloc_free_list
                0x08024bc4        0x4 c:/program files (x86)/cypress/psoc creator/4.4/psoc creator/import/gnu/arm/5.4.1/bin/../lib/gcc/arm-none-eabi/5.4.1/../../../../arm-none-eabi/lib/armv7e-m/softfp\libg_nano.a(lib_a-nano-mallocr.o)
                0x08024bc4                __malloc_free_list
 .bss.heap_end.4169
                0x08024bc8        0x4 c:/program files (x86)/cypress/psoc creator/4.4/psoc creator/import/gnu/arm/5.4.1/bin/../lib/gcc/arm-none-eabi/5.4.1/../../../../arm-none-eabi/lib/armv7e-m/softfp\libnosys.a(sbrk.o)
 *(COMMON)
 COMMON         0x08024bcc       0x3c .\CortexM4\ARM_GCC_541\Debug\main_cm4.o
                0x08024bcc                x
                0x08024bd0                str_accelerometer_value
                0x08024be0                bottom_line
                0x08024bf0                top_line
                0x08024c00                z
                0x08024c04                y
 COMMON         0x08024c08        0x4 .\CortexM4\ARM_GCC_541\Debug\cy_device.o
                0x08024c08                cy_device
 COMMON         0x08024c0c       0x4c .\CortexM4\ARM_GCC_541\Debug\SensorBus.o
                0x08024c0c                SensorBus_context
 COMMON         0x08024c58        0x4 c:/program files (x86)/cypress/psoc creator/4.4/psoc creator/import/gnu/arm/5.4.1/bin/../lib/gcc/arm-none-eabi/5.4.1/../../../../arm-none-eabi/lib/armv7e-m/softfp\libg_nano.a(lib_a-reent.o)
                0x08024c58                errno
                0x08024c5c                . = ALIGN (0x4)
                0x08024c5c                __bss_end__ = .

.heap           0x08024c60      0x400
                0x08024c60                __HeapBase = .
                0x08024c60                __end__ = .
                0x08024c60                end = __end__
 *(.heap*)
 .heap          0x08024c60      0x400 .\CortexM4\ARM_GCC_541\Debug\startup_psoc6_01_cm4.o
                0x08025060                __HeapLimit = .

.stack_dummy    0x08024c60     0x1000
 *(.stack*)
 .stack         0x08024c60     0x1000 .\CortexM4\ARM_GCC_541\Debug\startup_psoc6_01_cm4.o
                0x08047800                __StackTop = (ORIGIN (ram) + LENGTH (ram))
                0x08046800                __StackLimit = (__StackTop - SIZEOF (.stack_dummy))
                0x08047800                PROVIDE (__stack, __StackTop)
                0x00000001                ASSERT ((__StackLimit >= __HeapLimit), region RAM overflowed with stack)

.cy_app_signature
 *(.cy_app_signature)

.cy_em_eeprom
 *(.cy_em_eeprom)

.cy_sflash_user_data
 *(.cy_sflash_user_data)

.cy_sflash_nar
 *(.cy_sflash_nar)

.cy_sflash_public_key
 *(.cy_sflash_public_key)

.cy_toc_part2
 *(.cy_toc_part2)

.cy_rtoc_part2
 *(.cy_rtoc_part2)

.cy_xip
 *(.cy_xip)

.cy_efuse
 *(.cy_efuse)

.cymeta         0x90500000        0xc
 *(.cymeta)
 .cymeta        0x90500000        0xc .\CortexM4\ARM_GCC_541\Debug\cymetadata.o
                0x90500000                cy_metadata
                0x10000000                __cy_memory_0_start = 0x10000000
                0x00100000                __cy_memory_0_length = 0x100000
                0x00000200                __cy_memory_0_row_size = 0x200
                0x14000000                __cy_memory_1_start = 0x14000000
                0x00008000                __cy_memory_1_length = 0x8000
                0x00000200                __cy_memory_1_row_size = 0x200
                0x16000000                __cy_memory_2_start = 0x16000000
                0x00008000                __cy_memory_2_length = 0x8000
                0x00000200                __cy_memory_2_row_size = 0x200
                0x18000000                __cy_memory_3_start = 0x18000000
                0x08000000                __cy_memory_3_length = 0x8000000
                0x00000200                __cy_memory_3_row_size = 0x200
                0x90700000                __cy_memory_4_start = 0x90700000
                0x00100000                __cy_memory_4_length = 0x100000
                0x00000001                __cy_memory_4_row_size = 0x1
OUTPUT(C:\Users\maxwe\Downloads\bettafirmware (1)\bettafirmware\FinalBetaFirmware_3_20.cydsn\CortexM4\ARM_GCC_541\Debug\FinalBetaFirmware_3_20_link.elf elf32-littlearm)

.rel.dyn        0x08024c5c        0x0 load address 0x98561c9c
 .rel.iplt      0x08024c5c        0x0 c:/program files (x86)/cypress/psoc creator/4.4/psoc creator/import/gnu/arm/5.4.1/bin/../lib/gcc/arm-none-eabi/5.4.1/armv7e-m/softfp/crtbegin.o

.ARM.attributes
                0x00000000       0x2e
 .ARM.attributes
                0x00000000       0x22 c:/program files (x86)/cypress/psoc creator/4.4/psoc creator/import/gnu/arm/5.4.1/bin/../lib/gcc/arm-none-eabi/5.4.1/armv7e-m/softfp/crti.o
 .ARM.attributes
                0x00000022       0x32 c:/program files (x86)/cypress/psoc creator/4.4/psoc creator/import/gnu/arm/5.4.1/bin/../lib/gcc/arm-none-eabi/5.4.1/armv7e-m/softfp/crtbegin.o
 .ARM.attributes
                0x00000054       0x1f .\CortexM4\ARM_GCC_541\Debug\startup_psoc6_01_cm4.o
 .ARM.attributes
                0x00000073       0x37 .\CortexM4\ARM_GCC_541\Debug\main_cm4.o
 .ARM.attributes
                0x000000aa       0x37 .\CortexM4\ARM_GCC_541\Debug\system_psoc6_cm4.o
 .ARM.attributes
                0x000000e1       0x37 .\CortexM4\ARM_GCC_541\Debug\stdio_user.o
 .ARM.attributes
                0x00000118       0x37 .\CortexM4\ARM_GCC_541\Debug\clcd.o
 .ARM.attributes
                0x0000014f       0x37 .\CortexM4\ARM_GCC_541\Debug\cyfitter_sysint_cfg.o
 .ARM.attributes
                0x00000186       0x37 .\CortexM4\ARM_GCC_541\Debug\cymetadata.o
 .ARM.attributes
                0x000001bd       0x37 .\CortexM4\ARM_GCC_541\Debug\cy_flash.o
 .ARM.attributes
                0x000001f4       0x37 .\CortexM4\ARM_GCC_541\Debug\cy_ipc_drv.o
 .ARM.attributes
                0x0000022b       0x37 .\CortexM4\ARM_GCC_541\Debug\cy_ipc_sema.o
 .ARM.attributes
                0x00000262       0x37 .\CortexM4\ARM_GCC_541\Debug\cy_ipc_pipe.o
 .ARM.attributes
                0x00000299       0x37 .\CortexM4\ARM_GCC_541\Debug\cy_scb_common.o
 .ARM.attributes
                0x000002d0       0x37 .\CortexM4\ARM_GCC_541\Debug\cy_scb_i2c.o
 .ARM.attributes
                0x00000307       0x37 .\CortexM4\ARM_GCC_541\Debug\cy_sysint.o
 .ARM.attributes
                0x0000033e       0x37 .\CortexM4\ARM_GCC_541\Debug\cy_syslib.o
 .ARM.attributes
                0x00000375       0x25 .\CortexM4\ARM_GCC_541\Debug\cy_syslib_gcc.o
 .ARM.attributes
                0x0000039a       0x37 .\CortexM4\ARM_GCC_541\Debug\cy_syspm.o
 .ARM.attributes
                0x000003d1       0x37 .\CortexM4\ARM_GCC_541\Debug\cy_device.o
 .ARM.attributes
                0x00000408       0x37 .\CortexM4\ARM_GCC_541\Debug\retarget.o
 .ARM.attributes
                0x0000043f       0x37 .\CortexM4\ARM_GCC_541\Debug\SensorBus.o
 .ARM.attributes
                0x00000476       0x22 c:/program files (x86)/cypress/psoc creator/4.4/psoc creator/import/gnu/arm/5.4.1/bin/../lib/gcc/arm-none-eabi/5.4.1/armv7e-m/softfp\libgcc.a(_arm_addsubdf3.o)
 .ARM.attributes
                0x00000498       0x22 c:/program files (x86)/cypress/psoc creator/4.4/psoc creator/import/gnu/arm/5.4.1/bin/../lib/gcc/arm-none-eabi/5.4.1/armv7e-m/softfp\libgcc.a(_arm_muldivdf3.o)
 .ARM.attributes
                0x000004ba       0x22 c:/program files (x86)/cypress/psoc creator/4.4/psoc creator/import/gnu/arm/5.4.1/bin/../lib/gcc/arm-none-eabi/5.4.1/armv7e-m/softfp\libgcc.a(_arm_truncdfsf2.o)
 .ARM.attributes
                0x000004dc       0x32 c:/program files (x86)/cypress/psoc creator/4.4/psoc creator/import/gnu/arm/5.4.1/bin/../lib/gcc/arm-none-eabi/5.4.1/../../../../arm-none-eabi/lib/armv7e-m/softfp\libg_nano.a(lib_a-impure.o)
 .ARM.attributes
                0x0000050e       0x32 c:/program files (x86)/cypress/psoc creator/4.4/psoc creator/import/gnu/arm/5.4.1/bin/../lib/gcc/arm-none-eabi/5.4.1/../../../../arm-none-eabi/lib/armv7e-m/softfp\libg_nano.a(lib_a-memset.o)
 .ARM.attributes
                0x00000540       0x32 c:/program files (x86)/cypress/psoc creator/4.4/psoc creator/import/gnu/arm/5.4.1/bin/../lib/gcc/arm-none-eabi/5.4.1/../../../../arm-none-eabi/lib/armv7e-m/softfp\libg_nano.a(lib_a-nano-vfprintf_float.o)
 .ARM.attributes
                0x00000572       0x32 c:/program files (x86)/cypress/psoc creator/4.4/psoc creator/import/gnu/arm/5.4.1/bin/../lib/gcc/arm-none-eabi/5.4.1/../../../../arm-none-eabi/lib/armv7e-m/softfp\libg_nano.a(lib_a-nano-vfprintf_i.o)
 .ARM.attributes
                0x000005a4       0x32 c:/program files (x86)/cypress/psoc creator/4.4/psoc creator/import/gnu/arm/5.4.1/bin/../lib/gcc/arm-none-eabi/5.4.1/../../../../arm-none-eabi/lib/armv7e-m/softfp\libg_nano.a(lib_a-setvbuf.o)
 .ARM.attributes
                0x000005d6       0x32 c:/program files (x86)/cypress/psoc creator/4.4/psoc creator/import/gnu/arm/5.4.1/bin/../lib/gcc/arm-none-eabi/5.4.1/../../../../arm-none-eabi/lib/armv7e-m/softfp\libg_nano.a(lib_a-sprintf.o)
 .ARM.attributes
                0x00000608       0x32 c:/program files (x86)/cypress/psoc creator/4.4/psoc creator/import/gnu/arm/5.4.1/bin/../lib/gcc/arm-none-eabi/5.4.1/../../../../arm-none-eabi/lib/armv7e-m/softfp\libg_nano.a(lib_a-stdio.o)
 .ARM.attributes
                0x0000063a       0x1b c:/program files (x86)/cypress/psoc creator/4.4/psoc creator/import/gnu/arm/5.4.1/bin/../lib/gcc/arm-none-eabi/5.4.1/../../../../arm-none-eabi/lib/armv7e-m/softfp\libg_nano.a(lib_a-strlen.o)
 .ARM.attributes
                0x00000655       0x32 c:/program files (x86)/cypress/psoc creator/4.4/psoc creator/import/gnu/arm/5.4.1/bin/../lib/gcc/arm-none-eabi/5.4.1/../../../../arm-none-eabi/lib/armv7e-m/softfp\libg_nano.a(lib_a-strncpy.o)
 .ARM.attributes
                0x00000687       0x32 c:/program files (x86)/cypress/psoc creator/4.4/psoc creator/import/gnu/arm/5.4.1/bin/../lib/gcc/arm-none-eabi/5.4.1/../../../../arm-none-eabi/lib/armv7e-m/softfp\libg_nano.a(lib_a-writer.o)
 .ARM.attributes
                0x000006b9       0x32 c:/program files (x86)/cypress/psoc creator/4.4/psoc creator/import/gnu/arm/5.4.1/bin/../lib/gcc/arm-none-eabi/5.4.1/../../../../arm-none-eabi/lib/armv7e-m/softfp\libg_nano.a(lib_a-closer.o)
 .ARM.attributes
                0x000006eb       0x32 c:/program files (x86)/cypress/psoc creator/4.4/psoc creator/import/gnu/arm/5.4.1/bin/../lib/gcc/arm-none-eabi/5.4.1/../../../../arm-none-eabi/lib/armv7e-m/softfp\libg_nano.a(lib_a-dtoa.o)
 .ARM.attributes
                0x0000071d       0x32 c:/program files (x86)/cypress/psoc creator/4.4/psoc creator/import/gnu/arm/5.4.1/bin/../lib/gcc/arm-none-eabi/5.4.1/../../../../arm-none-eabi/lib/armv7e-m/softfp\libg_nano.a(lib_a-fflush.o)
 .ARM.attributes
                0x0000074f       0x32 c:/program files (x86)/cypress/psoc creator/4.4/psoc creator/import/gnu/arm/5.4.1/bin/../lib/gcc/arm-none-eabi/5.4.1/../../../../arm-none-eabi/lib/armv7e-m/softfp\libg_nano.a(lib_a-findfp.o)
 .ARM.attributes
                0x00000781       0x32 c:/program files (x86)/cypress/psoc creator/4.4/psoc creator/import/gnu/arm/5.4.1/bin/../lib/gcc/arm-none-eabi/5.4.1/../../../../arm-none-eabi/lib/armv7e-m/softfp\libg_nano.a(lib_a-fwalk.o)
 .ARM.attributes
                0x000007b3       0x32 c:/program files (x86)/cypress/psoc creator/4.4/psoc creator/import/gnu/arm/5.4.1/bin/../lib/gcc/arm-none-eabi/5.4.1/../../../../arm-none-eabi/lib/armv7e-m/softfp\libg_nano.a(lib_a-locale.o)
 .ARM.attributes
                0x000007e5       0x32 c:/program files (x86)/cypress/psoc creator/4.4/psoc creator/import/gnu/arm/5.4.1/bin/../lib/gcc/arm-none-eabi/5.4.1/../../../../arm-none-eabi/lib/armv7e-m/softfp\libg_nano.a(lib_a-lseekr.o)
 .ARM.attributes
                0x00000817       0x32 c:/program files (x86)/cypress/psoc creator/4.4/psoc creator/import/gnu/arm/5.4.1/bin/../lib/gcc/arm-none-eabi/5.4.1/../../../../arm-none-eabi/lib/armv7e-m/softfp\libg_nano.a(lib_a-makebuf.o)
 .ARM.attributes
                0x00000849       0x32 c:/program files (x86)/cypress/psoc creator/4.4/psoc creator/import/gnu/arm/5.4.1/bin/../lib/gcc/arm-none-eabi/5.4.1/../../../../arm-none-eabi/lib/armv7e-m/softfp\libg_nano.a(lib_a-malloc.o)
 .ARM.attributes
                0x0000087b       0x20 c:/program files (x86)/cypress/psoc creator/4.4/psoc creator/import/gnu/arm/5.4.1/bin/../lib/gcc/arm-none-eabi/5.4.1/../../../../arm-none-eabi/lib/armv7e-m/softfp\libg_nano.a(lib_a-memchr.o)
 .ARM.attributes
                0x0000089b       0x32 c:/program files (x86)/cypress/psoc creator/4.4/psoc creator/import/gnu/arm/5.4.1/bin/../lib/gcc/arm-none-eabi/5.4.1/../../../../arm-none-eabi/lib/armv7e-m/softfp\libg_nano.a(lib_a-memcpy-stub.o)
 .ARM.attributes
                0x000008cd       0x32 c:/program files (x86)/cypress/psoc creator/4.4/psoc creator/import/gnu/arm/5.4.1/bin/../lib/gcc/arm-none-eabi/5.4.1/../../../../arm-none-eabi/lib/armv7e-m/softfp\libg_nano.a(lib_a-mprec.o)
 .ARM.attributes
                0x000008ff       0x32 c:/program files (x86)/cypress/psoc creator/4.4/psoc creator/import/gnu/arm/5.4.1/bin/../lib/gcc/arm-none-eabi/5.4.1/../../../../arm-none-eabi/lib/armv7e-m/softfp\libg_nano.a(lib_a-nano-callocr.o)
 .ARM.attributes
                0x00000931       0x32 c:/program files (x86)/cypress/psoc creator/4.4/psoc creator/import/gnu/arm/5.4.1/bin/../lib/gcc/arm-none-eabi/5.4.1/../../../../arm-none-eabi/lib/armv7e-m/softfp\libg_nano.a(lib_a-nano-freer.o)
 .ARM.attributes
                0x00000963       0x32 c:/program files (x86)/cypress/psoc creator/4.4/psoc creator/import/gnu/arm/5.4.1/bin/../lib/gcc/arm-none-eabi/5.4.1/../../../../arm-none-eabi/lib/armv7e-m/softfp\libg_nano.a(lib_a-nano-mallocr.o)
 .ARM.attributes
                0x00000995       0x32 c:/program files (x86)/cypress/psoc creator/4.4/psoc creator/import/gnu/arm/5.4.1/bin/../lib/gcc/arm-none-eabi/5.4.1/../../../../arm-none-eabi/lib/armv7e-m/softfp\libg_nano.a(lib_a-nano-svfprintf.o)
 .ARM.attributes
                0x000009c7       0x32 c:/program files (x86)/cypress/psoc creator/4.4/psoc creator/import/gnu/arm/5.4.1/bin/../lib/gcc/arm-none-eabi/5.4.1/../../../../arm-none-eabi/lib/armv7e-m/softfp\libg_nano.a(lib_a-readr.o)
 .ARM.attributes
                0x000009f9       0x32 c:/program files (x86)/cypress/psoc creator/4.4/psoc creator/import/gnu/arm/5.4.1/bin/../lib/gcc/arm-none-eabi/5.4.1/../../../../arm-none-eabi/lib/armv7e-m/softfp\libg_nano.a(lib_a-reent.o)
 .ARM.attributes
                0x00000a2b       0x32 c:/program files (x86)/cypress/psoc creator/4.4/psoc creator/import/gnu/arm/5.4.1/bin/../lib/gcc/arm-none-eabi/5.4.1/../../../../arm-none-eabi/lib/armv7e-m/softfp\libg_nano.a(lib_a-sbrkr.o)
 .ARM.attributes
                0x00000a5d       0x32 c:/program files (x86)/cypress/psoc creator/4.4/psoc creator/import/gnu/arm/5.4.1/bin/../lib/gcc/arm-none-eabi/5.4.1/../../../../arm-none-eabi/lib/armv7e-m/softfp\libg_nano.a(lib_a-fstatr.o)
 .ARM.attributes
                0x00000a8f       0x32 c:/program files (x86)/cypress/psoc creator/4.4/psoc creator/import/gnu/arm/5.4.1/bin/../lib/gcc/arm-none-eabi/5.4.1/../../../../arm-none-eabi/lib/armv7e-m/softfp\libg_nano.a(lib_a-memmove.o)
 .ARM.attributes
                0x00000ac1       0x32 c:/program files (x86)/cypress/psoc creator/4.4/psoc creator/import/gnu/arm/5.4.1/bin/../lib/gcc/arm-none-eabi/5.4.1/../../../../arm-none-eabi/lib/armv7e-m/softfp\libg_nano.a(lib_a-mlock.o)
 .ARM.attributes
                0x00000af3       0x32 c:/program files (x86)/cypress/psoc creator/4.4/psoc creator/import/gnu/arm/5.4.1/bin/../lib/gcc/arm-none-eabi/5.4.1/../../../../arm-none-eabi/lib/armv7e-m/softfp\libg_nano.a(lib_a-nano-reallocr.o)
 .ARM.attributes
                0x00000b25       0x32 c:/program files (x86)/cypress/psoc creator/4.4/psoc creator/import/gnu/arm/5.4.1/bin/../lib/gcc/arm-none-eabi/5.4.1/../../../../arm-none-eabi/lib/armv7e-m/softfp\libg_nano.a(lib_a-nano-msizer.o)
 .ARM.attributes
                0x00000b57       0x22 c:/program files (x86)/cypress/psoc creator/4.4/psoc creator/import/gnu/arm/5.4.1/bin/../lib/gcc/arm-none-eabi/5.4.1/armv7e-m/softfp\libgcc.a(_arm_cmpdf2.o)
 .ARM.attributes
                0x00000b79       0x22 c:/program files (x86)/cypress/psoc creator/4.4/psoc creator/import/gnu/arm/5.4.1/bin/../lib/gcc/arm-none-eabi/5.4.1/armv7e-m/softfp\libgcc.a(_arm_unorddf2.o)
 .ARM.attributes
                0x00000b9b       0x22 c:/program files (x86)/cypress/psoc creator/4.4/psoc creator/import/gnu/arm/5.4.1/bin/../lib/gcc/arm-none-eabi/5.4.1/armv7e-m/softfp\libgcc.a(_arm_fixdfsi.o)
 .ARM.attributes
                0x00000bbd       0x32 c:/program files (x86)/cypress/psoc creator/4.4/psoc creator/import/gnu/arm/5.4.1/bin/../lib/gcc/arm-none-eabi/5.4.1/armv7e-m/softfp/crtend.o
 .ARM.attributes
                0x00000bef       0x22 c:/program files (x86)/cypress/psoc creator/4.4/psoc creator/import/gnu/arm/5.4.1/bin/../lib/gcc/arm-none-eabi/5.4.1/armv7e-m/softfp/crtn.o
 .ARM.attributes
                0x00000c11       0x32 c:/program files (x86)/cypress/psoc creator/4.4/psoc creator/import/gnu/arm/5.4.1/bin/../lib/gcc/arm-none-eabi/5.4.1/../../../../arm-none-eabi/lib/armv7e-m/softfp\libnosys.a(close.o)
 .ARM.attributes
                0x00000c43       0x32 c:/program files (x86)/cypress/psoc creator/4.4/psoc creator/import/gnu/arm/5.4.1/bin/../lib/gcc/arm-none-eabi/5.4.1/../../../../arm-none-eabi/lib/armv7e-m/softfp\libnosys.a(fstat.o)
 .ARM.attributes
                0x00000c75       0x32 c:/program files (x86)/cypress/psoc creator/4.4/psoc creator/import/gnu/arm/5.4.1/bin/../lib/gcc/arm-none-eabi/5.4.1/../../../../arm-none-eabi/lib/armv7e-m/softfp\libnosys.a(lseek.o)
 .ARM.attributes
                0x00000ca7       0x32 c:/program files (x86)/cypress/psoc creator/4.4/psoc creator/import/gnu/arm/5.4.1/bin/../lib/gcc/arm-none-eabi/5.4.1/../../../../arm-none-eabi/lib/armv7e-m/softfp\libnosys.a(sbrk.o)

.comment        0x00000000       0x6e
 .comment       0x00000000       0x6e .\CortexM4\ARM_GCC_541\Debug\main_cm4.o
                                 0x6f (size before relaxing)
 .comment       0x0000006e       0x6f .\CortexM4\ARM_GCC_541\Debug\system_psoc6_cm4.o
 .comment       0x0000006e       0x6f .\CortexM4\ARM_GCC_541\Debug\stdio_user.o
 .comment       0x0000006e       0x6f .\CortexM4\ARM_GCC_541\Debug\clcd.o
 .comment       0x0000006e       0x6f .\CortexM4\ARM_GCC_541\Debug\cyfitter_sysint_cfg.o
 .comment       0x0000006e       0x6f .\CortexM4\ARM_GCC_541\Debug\cymetadata.o
 .comment       0x0000006e       0x6f .\CortexM4\ARM_GCC_541\Debug\cy_flash.o
 .comment       0x0000006e       0x6f .\CortexM4\ARM_GCC_541\Debug\cy_ipc_drv.o
 .comment       0x0000006e       0x6f .\CortexM4\ARM_GCC_541\Debug\cy_ipc_sema.o
 .comment       0x0000006e       0x6f .\CortexM4\ARM_GCC_541\Debug\cy_ipc_pipe.o
 .comment       0x0000006e       0x6f .\CortexM4\ARM_GCC_541\Debug\cy_scb_common.o
 .comment       0x0000006e       0x6f .\CortexM4\ARM_GCC_541\Debug\cy_scb_i2c.o
 .comment       0x0000006e       0x6f .\CortexM4\ARM_GCC_541\Debug\cy_sysint.o
 .comment       0x0000006e       0x6f .\CortexM4\ARM_GCC_541\Debug\cy_syslib.o
 .comment       0x0000006e       0x6f .\CortexM4\ARM_GCC_541\Debug\cy_syspm.o
 .comment       0x0000006e       0x6f .\CortexM4\ARM_GCC_541\Debug\cy_device.o
 .comment       0x0000006e       0x6f .\CortexM4\ARM_GCC_541\Debug\retarget.o
 .comment       0x0000006e       0x6f .\CortexM4\ARM_GCC_541\Debug\SensorBus.o

.debug_line     0x00000000     0x5b7c
 .debug_line    0x00000000       0x8e .\CortexM4\ARM_GCC_541\Debug\startup_psoc6_01_cm4.o
 .debug_line    0x0000008e      0x743 .\CortexM4\ARM_GCC_541\Debug\main_cm4.o
 .debug_line    0x000007d1      0x435 .\CortexM4\ARM_GCC_541\Debug\system_psoc6_cm4.o
 .debug_line    0x00000c06      0x2d6 .\CortexM4\ARM_GCC_541\Debug\stdio_user.o
 .debug_line    0x00000edc      0x528 .\CortexM4\ARM_GCC_541\Debug\clcd.o
 .debug_line    0x00001404      0x24f .\CortexM4\ARM_GCC_541\Debug\cyfitter_sysint_cfg.o
 .debug_line    0x00001653      0x141 .\CortexM4\ARM_GCC_541\Debug\cymetadata.o
 .debug_line    0x00001794      0x7d2 .\CortexM4\ARM_GCC_541\Debug\cy_flash.o
 .debug_line    0x00001f66      0x33e .\CortexM4\ARM_GCC_541\Debug\cy_ipc_drv.o
 .debug_line    0x000022a4      0x407 .\CortexM4\ARM_GCC_541\Debug\cy_ipc_sema.o
 .debug_line    0x000026ab      0x57c .\CortexM4\ARM_GCC_541\Debug\cy_ipc_pipe.o
 .debug_line    0x00002c27      0x4d9 .\CortexM4\ARM_GCC_541\Debug\cy_scb_common.o
 .debug_line    0x00003100     0x1149 .\CortexM4\ARM_GCC_541\Debug\cy_scb_i2c.o
 .debug_line    0x00004249      0x2db .\CortexM4\ARM_GCC_541\Debug\cy_sysint.o
 .debug_line    0x00004524      0x482 .\CortexM4\ARM_GCC_541\Debug\cy_syslib.o
 .debug_line    0x000049a6       0x89 .\CortexM4\ARM_GCC_541\Debug\cy_syslib_gcc.o
 .debug_line    0x00004a2f      0xa5a .\CortexM4\ARM_GCC_541\Debug\cy_syspm.o
 .debug_line    0x00005489      0x17e .\CortexM4\ARM_GCC_541\Debug\cy_device.o
 .debug_line    0x00005607      0x237 .\CortexM4\ARM_GCC_541\Debug\retarget.o
 .debug_line    0x0000583e      0x33e .\CortexM4\ARM_GCC_541\Debug\SensorBus.o

.debug_info     0x00000000    0x1ad0d
 .debug_info    0x00000000       0x91 .\CortexM4\ARM_GCC_541\Debug\startup_psoc6_01_cm4.o
 .debug_info    0x00000091     0x2aec .\CortexM4\ARM_GCC_541\Debug\main_cm4.o
 .debug_info    0x00002b7d     0x1bb3 .\CortexM4\ARM_GCC_541\Debug\system_psoc6_cm4.o
 .debug_info    0x00004730      0xbcf .\CortexM4\ARM_GCC_541\Debug\stdio_user.o
 .debug_info    0x000052ff     0x13d3 .\CortexM4\ARM_GCC_541\Debug\clcd.o
 .debug_info    0x000066d2      0x95b .\CortexM4\ARM_GCC_541\Debug\cyfitter_sysint_cfg.o
 .debug_info    0x0000702d       0xac .\CortexM4\ARM_GCC_541\Debug\cymetadata.o
 .debug_info    0x000070d9     0x2a10 .\CortexM4\ARM_GCC_541\Debug\cy_flash.o
 .debug_info    0x00009ae9      0x906 .\CortexM4\ARM_GCC_541\Debug\cy_ipc_drv.o
 .debug_info    0x0000a3ef      0xc1e .\CortexM4\ARM_GCC_541\Debug\cy_ipc_sema.o
 .debug_info    0x0000b00d     0x1952 .\CortexM4\ARM_GCC_541\Debug\cy_ipc_pipe.o
 .debug_info    0x0000c95f     0x11b0 .\CortexM4\ARM_GCC_541\Debug\cy_scb_common.o
 .debug_info    0x0000db0f     0x3f3c .\CortexM4\ARM_GCC_541\Debug\cy_scb_i2c.o
 .debug_info    0x00011a4b      0xe11 .\CortexM4\ARM_GCC_541\Debug\cy_sysint.o
 .debug_info    0x0001285c     0x24fa .\CortexM4\ARM_GCC_541\Debug\cy_syslib.o
 .debug_info    0x00014d56       0xbf .\CortexM4\ARM_GCC_541\Debug\cy_syslib_gcc.o
 .debug_info    0x00014e15     0x4014 .\CortexM4\ARM_GCC_541\Debug\cy_syspm.o
 .debug_info    0x00018e29      0x551 .\CortexM4\ARM_GCC_541\Debug\cy_device.o
 .debug_info    0x0001937a      0x62a .\CortexM4\ARM_GCC_541\Debug\retarget.o
 .debug_info    0x000199a4     0x1369 .\CortexM4\ARM_GCC_541\Debug\SensorBus.o

.debug_abbrev   0x00000000     0x27d6
 .debug_abbrev  0x00000000       0x14 .\CortexM4\ARM_GCC_541\Debug\startup_psoc6_01_cm4.o
 .debug_abbrev  0x00000014      0x41c .\CortexM4\ARM_GCC_541\Debug\main_cm4.o
 .debug_abbrev  0x00000430      0x23a .\CortexM4\ARM_GCC_541\Debug\system_psoc6_cm4.o
 .debug_abbrev  0x0000066a      0x195 .\CortexM4\ARM_GCC_541\Debug\stdio_user.o
 .debug_abbrev  0x000007ff      0x227 .\CortexM4\ARM_GCC_541\Debug\clcd.o
 .debug_abbrev  0x00000a26       0xe3 .\CortexM4\ARM_GCC_541\Debug\cyfitter_sysint_cfg.o
 .debug_abbrev  0x00000b09       0x5d .\CortexM4\ARM_GCC_541\Debug\cymetadata.o
 .debug_abbrev  0x00000b66      0x356 .\CortexM4\ARM_GCC_541\Debug\cy_flash.o
 .debug_abbrev  0x00000ebc      0x188 .\CortexM4\ARM_GCC_541\Debug\cy_ipc_drv.o
 .debug_abbrev  0x00001044      0x219 .\CortexM4\ARM_GCC_541\Debug\cy_ipc_sema.o
 .debug_abbrev  0x0000125d      0x32b .\CortexM4\ARM_GCC_541\Debug\cy_ipc_pipe.o
 .debug_abbrev  0x00001588      0x294 .\CortexM4\ARM_GCC_541\Debug\cy_scb_common.o
 .debug_abbrev  0x0000181c      0x37f .\CortexM4\ARM_GCC_541\Debug\cy_scb_i2c.o
 .debug_abbrev  0x00001b9b      0x230 .\CortexM4\ARM_GCC_541\Debug\cy_sysint.o
 .debug_abbrev  0x00001dcb      0x337 .\CortexM4\ARM_GCC_541\Debug\cy_syslib.o
 .debug_abbrev  0x00002102       0x14 .\CortexM4\ARM_GCC_541\Debug\cy_syslib_gcc.o
 .debug_abbrev  0x00002116      0x320 .\CortexM4\ARM_GCC_541\Debug\cy_syspm.o
 .debug_abbrev  0x00002436       0x9d .\CortexM4\ARM_GCC_541\Debug\cy_device.o
 .debug_abbrev  0x000024d3       0xe2 .\CortexM4\ARM_GCC_541\Debug\retarget.o
 .debug_abbrev  0x000025b5      0x221 .\CortexM4\ARM_GCC_541\Debug\SensorBus.o

.debug_aranges  0x00000000      0x780
 .debug_aranges
                0x00000000       0x20 .\CortexM4\ARM_GCC_541\Debug\startup_psoc6_01_cm4.o
 .debug_aranges
                0x00000020       0x90 .\CortexM4\ARM_GCC_541\Debug\main_cm4.o
 .debug_aranges
                0x000000b0       0x40 .\CortexM4\ARM_GCC_541\Debug\system_psoc6_cm4.o
 .debug_aranges
                0x000000f0       0x28 .\CortexM4\ARM_GCC_541\Debug\stdio_user.o
 .debug_aranges
                0x00000118       0x88 .\CortexM4\ARM_GCC_541\Debug\clcd.o
 .debug_aranges
                0x000001a0       0x18 .\CortexM4\ARM_GCC_541\Debug\cyfitter_sysint_cfg.o
 .debug_aranges
                0x000001b8       0x18 .\CortexM4\ARM_GCC_541\Debug\cymetadata.o
 .debug_aranges
                0x000001d0       0xb8 .\CortexM4\ARM_GCC_541\Debug\cy_flash.o
 .debug_aranges
                0x00000288       0x30 .\CortexM4\ARM_GCC_541\Debug\cy_ipc_drv.o
 .debug_aranges
                0x000002b8       0x48 .\CortexM4\ARM_GCC_541\Debug\cy_ipc_sema.o
 .debug_aranges
                0x00000300       0x68 .\CortexM4\ARM_GCC_541\Debug\cy_ipc_pipe.o
 .debug_aranges
                0x00000368       0x68 .\CortexM4\ARM_GCC_541\Debug\cy_scb_common.o
 .debug_aranges
                0x000003d0      0x160 .\CortexM4\ARM_GCC_541\Debug\cy_scb_i2c.o
 .debug_aranges
                0x00000530       0x30 .\CortexM4\ARM_GCC_541\Debug\cy_sysint.o
 .debug_aranges
                0x00000560       0x78 .\CortexM4\ARM_GCC_541\Debug\cy_syslib.o
 .debug_aranges
                0x000005d8       0x20 .\CortexM4\ARM_GCC_541\Debug\cy_syslib_gcc.o
 .debug_aranges
                0x000005f8      0x118 .\CortexM4\ARM_GCC_541\Debug\cy_syspm.o
 .debug_aranges
                0x00000710       0x20 .\CortexM4\ARM_GCC_541\Debug\cy_device.o
 .debug_aranges
                0x00000730       0x28 .\CortexM4\ARM_GCC_541\Debug\retarget.o
 .debug_aranges
                0x00000758       0x28 .\CortexM4\ARM_GCC_541\Debug\SensorBus.o

.debug_loc      0x00000000     0x7c99
 .debug_loc     0x00000000      0x68b .\CortexM4\ARM_GCC_541\Debug\main_cm4.o
 .debug_loc     0x0000068b      0x1fe .\CortexM4\ARM_GCC_541\Debug\system_psoc6_cm4.o
 .debug_loc     0x00000889       0x87 .\CortexM4\ARM_GCC_541\Debug\stdio_user.o
 .debug_loc     0x00000910      0x82f .\CortexM4\ARM_GCC_541\Debug\clcd.o
 .debug_loc     0x0000113f      0xd86 .\CortexM4\ARM_GCC_541\Debug\cy_flash.o
 .debug_loc     0x00001ec5      0x2a1 .\CortexM4\ARM_GCC_541\Debug\cy_ipc_drv.o
 .debug_loc     0x00002166      0x76b .\CortexM4\ARM_GCC_541\Debug\cy_ipc_sema.o
 .debug_loc     0x000028d1      0x7e2 .\CortexM4\ARM_GCC_541\Debug\cy_ipc_pipe.o
 .debug_loc     0x000030b3      0x588 .\CortexM4\ARM_GCC_541\Debug\cy_scb_common.o
 .debug_loc     0x0000363b     0x317d .\CortexM4\ARM_GCC_541\Debug\cy_scb_i2c.o
 .debug_loc     0x000067b8      0x223 .\CortexM4\ARM_GCC_541\Debug\cy_sysint.o
 .debug_loc     0x000069db      0x215 .\CortexM4\ARM_GCC_541\Debug\cy_syslib.o
 .debug_loc     0x00006bf0      0xe9a .\CortexM4\ARM_GCC_541\Debug\cy_syspm.o
 .debug_loc     0x00007a8a      0x1e4 .\CortexM4\ARM_GCC_541\Debug\retarget.o
 .debug_loc     0x00007c6e       0x2b .\CortexM4\ARM_GCC_541\Debug\SensorBus.o

.debug_ranges   0x00000000      0x6c8
 .debug_ranges  0x00000000       0x80 .\CortexM4\ARM_GCC_541\Debug\main_cm4.o
 .debug_ranges  0x00000080       0x48 .\CortexM4\ARM_GCC_541\Debug\system_psoc6_cm4.o
 .debug_ranges  0x000000c8       0x18 .\CortexM4\ARM_GCC_541\Debug\stdio_user.o